Component: ARM Compiler 5.06 update 5 (build 528) Tool: armlink [4d35e2]

==============================================================================

Section Cross References

    main.o(i.TIM1_UP_IRQHandler) refers to timercount.o(i.TimerCount_GetCount) for TimerCount_GetCount
    main.o(i.TIM1_UP_IRQHandler) refers to encoderspeed.o(i.EncoderSpeed_Get) for EncoderSpeed_Get
    main.o(i.TIM1_UP_IRQHandler) refers to mpu6050.o(i.MPU6050_WaitState) for MPU6050_WaitState
    main.o(i.TIM1_UP_IRQHandler) refers to mpu6050.o(i.MPU6050_GetData) for MPU6050_GetData
    main.o(i.TIM1_UP_IRQHandler) refers to fflti.o(.text) for __aeabi_i2f
    main.o(i.TIM1_UP_IRQHandler) refers to fmul.o(.text) for __aeabi_fmul
    main.o(i.TIM1_UP_IRQHandler) refers to fdiv.o(.text) for __aeabi_fdiv
    main.o(i.TIM1_UP_IRQHandler) refers to fadd.o(.text) for __aeabi_fadd
    main.o(i.TIM1_UP_IRQHandler) refers to kalmanfilter.o(i.Kalman_Filter_Z) for Kalman_Filter_Z
    main.o(i.TIM1_UP_IRQHandler) refers to atanf.o(i.atanf) for atanf
    main.o(i.TIM1_UP_IRQHandler) refers to kalmanfilter.o(i.Kalman_Filter_Y) for Kalman_Filter_Y
    main.o(i.TIM1_UP_IRQHandler) refers to ffixi.o(.text) for __aeabi_f2iz
    main.o(i.TIM1_UP_IRQHandler) refers to pid.o(i.PID_Velocity) for PID_Velocity
    main.o(i.TIM1_UP_IRQHandler) refers to pid.o(i.PID_Balance) for PID_Balance
    main.o(i.TIM1_UP_IRQHandler) refers to dflti.o(.text) for __aeabi_i2d
    main.o(i.TIM1_UP_IRQHandler) refers to dmul.o(.text) for __aeabi_dmul
    main.o(i.TIM1_UP_IRQHandler) refers to dadd.o(.text) for __aeabi_dadd
    main.o(i.TIM1_UP_IRQHandler) refers to dfixi.o(.text) for __aeabi_d2iz
    main.o(i.TIM1_UP_IRQHandler) refers to motor.o(i.Motor_SetLeftSpeed) for Motor_SetLeftSpeed
    main.o(i.TIM1_UP_IRQHandler) refers to hc_rs04.o(i.HC_RS04_Open) for HC_RS04_Open
    main.o(i.TIM1_UP_IRQHandler) refers to stm32f10x_tim.o(i.TIM_ClearITPendingBit) for TIM_ClearITPendingBit
    main.o(i.TIM1_UP_IRQHandler) refers to hc_rs04.o(.data) for HC_RS04_Time_Big
    main.o(i.TIM1_UP_IRQHandler) refers to main.o(.data) for leftEncoderSpeed
    main.o(i.TIM1_UP_IRQHandler) refers to main.o(.bss) for Data
    main.o(i.main) refers to delay.o(i.Delay_ms) for Delay_ms
    main.o(i.main) refers to oled.o(i.OLED_Init) for OLED_Init
    main.o(i.main) refers to encoderspeed.o(i.EncoderSpeed_Init) for EncoderSpeed_Init
    main.o(i.main) refers to key.o(i.Key_Init) for Key_Init
    main.o(i.main) refers to motor.o(i.Motor_Init) for Motor_Init
    main.o(i.main) refers to mpu6050.o(i.MPU6050_Init) for MPU6050_Init
    main.o(i.main) refers to timercount.o(i.TimerCount_Init) for TimerCount_Init
    main.o(i.main) refers to hc_rs04.o(i.HC_RS04_Init) for HC_RS04_Init
    main.o(i.main) refers to bluetooth.o(i.Bluetooth_Init) for Bluetooth_Init
    main.o(i.main) refers to timer.o(i.Timer_Init) for Timer_Init
    main.o(i.main) refers to key.o(i.Key_GetNum) for Key_GetNum
    main.o(i.main) refers to oled.o(i.OLED_ShowNum) for OLED_ShowNum
    main.o(i.main) refers to oled.o(i.OLED_ShowSignedNum) for OLED_ShowSignedNum
    main.o(i.main) refers to bluetooth.o(i.Bluetooth_GetRxFlag) for Bluetooth_GetRxFlag
    main.o(i.main) refers to bluetooth.o(i.Bluetooth_GetRxData) for Bluetooth_GetRxData
    main.o(i.main) refers to bluetooth.o(i.Bluetooth_SendByte) for Bluetooth_SendByte
    main.o(i.main) refers to oled.o(i.OLED_ShowHexNum) for OLED_ShowHexNum
    main.o(i.main) refers to main.o(.data) for leftTargetSpeed
    startup_stm32f10x_md.o(RESET) refers to startup_stm32f10x_md.o(STACK) for __initial_sp
    startup_stm32f10x_md.o(RESET) refers to startup_stm32f10x_md.o(.text) for Reset_Handler
    startup_stm32f10x_md.o(RESET) refers to stm32f10x_it.o(i.NMI_Handler) for NMI_Handler
    startup_stm32f10x_md.o(RESET) refers to stm32f10x_it.o(i.HardFault_Handler) for HardFault_Handler
    startup_stm32f10x_md.o(RESET) refers to stm32f10x_it.o(i.MemManage_Handler) for MemManage_Handler
    startup_stm32f10x_md.o(RESET) refers to stm32f10x_it.o(i.BusFault_Handler) for BusFault_Handler
    startup_stm32f10x_md.o(RESET) refers to stm32f10x_it.o(i.UsageFault_Handler) for UsageFault_Handler
    startup_stm32f10x_md.o(RESET) refers to stm32f10x_it.o(i.SVC_Handler) for SVC_Handler
    startup_stm32f10x_md.o(RESET) refers to stm32f10x_it.o(i.DebugMon_Handler) for DebugMon_Handler
    startup_stm32f10x_md.o(RESET) refers to stm32f10x_it.o(i.PendSV_Handler) for PendSV_Handler
    startup_stm32f10x_md.o(RESET) refers to stm32f10x_it.o(i.SysTick_Handler) for SysTick_Handler
    startup_stm32f10x_md.o(RESET) refers to main.o(i.TIM1_UP_IRQHandler) for TIM1_UP_IRQHandler
    startup_stm32f10x_md.o(RESET) refers to serial.o(i.USART1_IRQHandler) for USART1_IRQHandler
    startup_stm32f10x_md.o(RESET) refers to bluetooth.o(i.USART2_IRQHandler) for USART2_IRQHandler
    startup_stm32f10x_md.o(RESET) refers to hc_rs04.o(i.EXTI15_10_IRQHandler) for EXTI15_10_IRQHandler
[...]
    Removing stm32f10x_sdio.o(i.SDIO_GetFIFOCount), (12 bytes).
    Removing stm32f10x_sdio.o(i.SDIO_GetFlagStatus), (24 bytes).
    Removing stm32f10x_sdio.o(i.SDIO_GetITStatus), (24 bytes).
    Removing stm32f10x_sdio.o(i.SDIO_GetPowerState), (16 bytes).
    Removing stm32f10x_sdio.o(i.SDIO_GetResponse), (24 bytes).
    Removing stm32f10x_sdio.o(i.SDIO_ITConfig), (32 bytes).
    Removing stm32f10x_sdio.o(i.SDIO_Init), (48 bytes).
    Removing stm32f10x_sdio.o(i.SDIO_ReadData), (12 bytes).
    Removing stm32f10x_sdio.o(i.SDIO_SendCEATACmd), (12 bytes).
    Removing stm32f10x_sdio.o(i.SDIO_SendCommand), (44 bytes).
    Removing stm32f10x_sdio.o(i.SDIO_SendSDIOSuspendCmd), (12 bytes).
    Removing stm32f10x_sdio.o(i.SDIO_SetPowerState), (28 bytes).
    Removing stm32f10x_sdio.o(i.SDIO_SetSDIOOperation), (12 bytes).
    Removing stm32f10x_sdio.o(i.SDIO_SetSDIOReadWaitMode), (12 bytes).
    Removing stm32f10x_sdio.o(i.SDIO_StartSDIOReadWait), (12 bytes).
    Removing stm32f10x_sdio.o(i.SDIO_StopSDIOReadWait), (12 bytes).
    Removing stm32f10x_sdio.o(i.SDIO_StructInit), (16 bytes).
    Removing stm32f10x_sdio.o(i.SDIO_WriteData), (12 bytes).
    Removing stm32f10x_spi.o(i.I2S_Cmd), (24 bytes).
    Removing stm32f10x_spi.o(i.I2S_Init), (232 bytes).
    Removing stm32f10x_spi.o(i.I2S_StructInit), (20 bytes).
    Removing stm32f10x_spi.o(i.SPI_BiDirectionalLineConfig), (28 bytes).
    Removing stm32f10x_spi.o(i.SPI_CalculateCRC), (24 bytes).
    Removing stm32f10x_spi.o(i.SPI_Cmd), (24 bytes).
    Removing stm32f10x_spi.o(i.SPI_DataSizeConfig), (18 bytes).
    Removing stm32f10x_spi.o(i.SPI_GetCRC), (16 bytes).
    Removing stm32f10x_spi.o(i.SPI_GetCRCPolynomial), (6 bytes).
    Removing stm32f10x_spi.o(i.SPI_I2S_ClearFlag), (6 bytes).
    Removing stm32f10x_spi.o(i.SPI_I2S_ClearITPendingBit), (20 bytes).
    Removing stm32f10x_spi.o(i.SPI_I2S_DMACmd), (18 bytes).
    Removing stm32f10x_spi.o(i.SPI_I2S_DeInit), (88 bytes).
    Removing stm32f10x_spi.o(i.SPI_I2S_GetFlagStatus), (18 bytes).
    Removing stm32f10x_spi.o(i.SPI_I2S_GetITStatus), (52 bytes).
    Removing stm32f10x_spi.o(i.SPI_I2S_ITConfig), (32 bytes).
    Removing stm32f10x_spi.o(i.SPI_I2S_ReceiveData), (6 bytes).
    Removing stm32f10x_spi.o(i.SPI_I2S_SendData), (4 bytes).
    Removing stm32f10x_spi.o(i.SPI_Init), (60 bytes).
    Removing stm32f10x_spi.o(i.SPI_NSSInternalSoftwareConfig), (30 bytes).
    Removing stm32f10x_spi.o(i.SPI_SSOutputCmd), (24 bytes).
    Removing stm32f10x_spi.o(i.SPI_StructInit), (24 bytes).
    Removing stm32f10x_spi.o(i.SPI_TransmitCRC), (10 bytes).
    Removing stm32f10x_tim.o(i.TIM_ARRPreloadConfig), (24 bytes).
    Removing stm32f10x_tim.o(i.TIM_BDTRConfig), (32 bytes).
    Removing stm32f10x_tim.o(i.TIM_BDTRStructInit), (18 bytes).
    Removing stm32f10x_tim.o(i.TIM_CCPreloadControl), (24 bytes).
    Removing stm32f10x_tim.o(i.TIM_CCxCmd), (30 bytes).
    Removing stm32f10x_tim.o(i.TIM_CCxNCmd), (30 bytes).
    Removing stm32f10x_tim.o(i.TIM_ClearOC1Ref), (18 bytes).
    Removing stm32f10x_tim.o(i.TIM_ClearOC2Ref), (24 bytes).
    Removing stm32f10x_tim.o(i.TIM_ClearOC3Ref), (18 bytes).
    Removing stm32f10x_tim.o(i.TIM_ClearOC4Ref), (24 bytes).
    Removing stm32f10x_tim.o(i.TIM_CounterModeConfig), (18 bytes).
    Removing stm32f10x_tim.o(i.TIM_CtrlPWMOutputs), (30 bytes).
    Removing stm32f10x_tim.o(i.TIM_DMACmd), (18 bytes).
    Removing stm32f10x_tim.o(i.TIM_DMAConfig), (10 bytes).
    Removing stm32f10x_tim.o(i.TIM_DeInit), (488 bytes).
    Removing stm32f10x_tim.o(i.TIM_ETRClockMode1Config), (54 bytes).
    Removing stm32f10x_tim.o(i.TIM_ETRClockMode2Config), (32 bytes).
    Removing stm32f10x_tim.o(i.TIM_ETRConfig), (28 bytes).
    Removing stm32f10x_tim.o(i.TIM_ForcedOC1Config), (18 bytes).
    Removing stm32f10x_tim.o(i.TIM_ForcedOC2Config), (26 bytes).
    Removing stm32f10x_tim.o(i.TIM_ForcedOC3Config), (18 bytes).
    Removing stm32f10x_tim.o(i.TIM_ForcedOC4Config), (26 bytes).
    Removing stm32f10x_tim.o(i.TIM_GenerateEvent), (4 bytes).
    Removing stm32f10x_tim.o(i.TIM_GetCapture1), (6 bytes).
    Removing stm32f10x_tim.o(i.TIM_GetCapture2), (6 bytes).
    Removing stm32f10x_tim.o(i.TIM_GetCapture3), (6 bytes).
    Removing stm32f10x_tim.o(i.TIM_GetCapture4), (8 bytes).
    Removing stm32f10x_tim.o(i.TIM_GetFlagStatus), (18 bytes).
    Removing stm32f10x_tim.o(i.TIM_GetITStatus), (34 bytes).
    Removing stm32f10x_tim.o(i.TIM_GetPrescaler), (6 bytes).
    Removing stm32f10x_tim.o(i.TIM_ITRxExternalClockConfig), (24 bytes).
    Removing stm32f10x_tim.o(i.TIM_OC1FastConfig), (18 bytes).
    Removing stm32f10x_tim.o(i.TIM_OC1NPolarityConfig), (18 bytes).
    Removing stm32f10x_tim.o(i.TIM_OC1PolarityConfig), (18 bytes).
    Removing stm32f10x_tim.o(i.TIM_OC1PreloadConfig), (18 bytes).
    Removing stm32f10x_tim.o(i.TIM_OC2FastConfig), (26 bytes).
    Removing stm32f10x_tim.o(i.TIM_OC2NPolarityConfig), (26 bytes).
    Removing stm32f10x_tim.o(i.TIM_OC2PolarityConfig), (26 bytes).
    Removing stm32f10x_tim.o(i.TIM_OC2PreloadConfig), (26 bytes).
    Removing stm32f10x_tim.o(i.TIM_OC3FastConfig), (18 bytes).
    Removing stm32f10x_tim.o(i.TIM_OC3Init), (160 bytes).
    Removing stm32f10x_tim.o(i.TIM_OC3NPolarityConfig), (26 bytes).
    Removing stm32f10x_tim.o(i.TIM_OC3PolarityConfig), (26 bytes).
    Removing stm32f10x_tim.o(i.TIM_OC3PreloadConfig), (18 bytes).
    Removing stm32f10x_tim.o(i.TIM_OC4FastConfig), (26 bytes).
    Removing stm32f10x_tim.o(i.TIM_OC4Init), (124 bytes).
    Removing stm32f10x_tim.o(i.TIM_OC4PolarityConfig), (26 bytes).
    Removing stm32f10x_tim.o(i.TIM_OC4PreloadConfig), (26 bytes).
    Removing stm32f10x_tim.o(i.TIM_PWMIConfig), (124 bytes).
    Removing stm32f10x_tim.o(i.TIM_PrescalerConfig), (6 bytes).
    Removing stm32f10x_tim.o(i.TIM_SelectCCDMA), (24 bytes).
    Removing stm32f10x_tim.o(i.TIM_SelectCOM), (24 bytes).
    Removing stm32f10x_tim.o(i.TIM_SelectHallSensor), (24 bytes).
    Removing stm32f10x_tim.o(i.TIM_SelectInputTrigger), (18 bytes).
    Removing stm32f10x_tim.o(i.TIM_SelectMasterSlaveMode), (18 bytes).
    Removing stm32f10x_tim.o(i.TIM_SelectOCxM), (82 bytes).
    Removing stm32f10x_tim.o(i.TIM_SelectOnePulseMode), (18 bytes).
    Removing stm32f10x_tim.o(i.TIM_SelectOutputTrigger), (18 bytes).
    Removing stm32f10x_tim.o(i.TIM_SelectSlaveMode), (18 bytes).
    Removing stm32f10x_tim.o(i.TIM_SetAutoreload), (4 bytes).
    Removing stm32f10x_tim.o(i.TIM_SetClockDivision), (18 bytes).
    Removing stm32f10x_tim.o(i.TIM_SetCompare2), (4 bytes).
    Removing stm32f10x_tim.o(i.TIM_SetCompare3), (4 bytes).
    Removing stm32f10x_tim.o(i.TIM_SetCompare4), (6 bytes).
    Removing stm32f10x_tim.o(i.TIM_TIxExternalClockConfig), (62 bytes).
    Removing stm32f10x_tim.o(i.TIM_TimeBaseStructInit), (18 bytes).
    Removing stm32f10x_tim.o(i.TIM_UpdateDisableConfig), (24 bytes).
    Removing stm32f10x_tim.o(i.TIM_UpdateRequestConfig), (24 bytes).
    Removing stm32f10x_usart.o(i.USART_ClearFlag), (18 bytes).
    Removing stm32f10x_usart.o(i.USART_ClockInit), (34 bytes).
    Removing stm32f10x_usart.o(i.USART_ClockStructInit), (12 bytes).
    Removing stm32f10x_usart.o(i.USART_DMACmd), (18 bytes).
    Removing stm32f10x_usart.o(i.USART_DeInit), (156 bytes).
    Removing stm32f10x_usart.o(i.USART_HalfDuplexCmd), (24 bytes).
    Removing stm32f10x_usart.o(i.USART_IrDACmd), (24 bytes).
    Removing stm32f10x_usart.o(i.USART_IrDAConfig), (18 bytes).
    Removing stm32f10x_usart.o(i.USART_LINBreakDetectLengthConfig), (18 bytes).
    Removing stm32f10x_usart.o(i.USART_LINCmd), (24 bytes).
    Removing stm32f10x_usart.o(i.USART_OneBitMethodCmd), (24 bytes).
    Removing stm32f10x_usart.o(i.USART_OverSampling8Cmd), (22 bytes).
    Removing stm32f10x_usart.o(i.USART_ReceiverWakeUpCmd), (24 bytes).
    Removing stm32f10x_usart.o(i.USART_SendBreak), (10 bytes).
    Removing stm32f10x_usart.o(i.USART_SetAddress), (18 bytes).
    Removing stm32f10x_usart.o(i.USART_SetGuardTime), (16 bytes).
    Removing stm32f10x_usart.o(i.USART_SetPrescaler), (16 bytes).
    Removing stm32f10x_usart.o(i.USART_SmartCardCmd), (24 bytes).
    Removing stm32f10x_usart.o(i.USART_SmartCardNACKCmd), (24 bytes).
    Removing stm32f10x_usart.o(i.USART_StructInit), (24 bytes).
    Removing stm32f10x_usart.o(i.USART_WakeUpConfig), (18 bytes).
    Removing stm32f10x_wwdg.o(i.WWDG_ClearFlag), (12 bytes).
    Removing stm32f10x_wwdg.o(i.WWDG_DeInit), (22 bytes).
    Removing stm32f10x_wwdg.o(i.WWDG_Enable), (16 bytes).
    Removing stm32f10x_wwdg.o(i.WWDG_EnableIT), (12 bytes).
    Removing stm32f10x_wwdg.o(i.WWDG_GetFlagStatus), (12 bytes).
    Removing stm32f10x_wwdg.o(i.WWDG_SetCounter), (16 bytes).
    Removing stm32f10x_wwdg.o(i.WWDG_SetPrescaler), (24 bytes).
    Removing stm32f10x_wwdg.o(i.WWDG_SetWindowValue), (40 bytes).
    Removing delay.o(i.Delay_s), (24 bytes).
    Removing timerexternalclocksource.o(i.TimerExternalClockSource_GetCounter), (12 bytes).
    Removing timerexternalclocksource.o(i.TimerExternalClockSource_Init), (168 bytes).
    Removing mydma.o(i.MyDMA_Init), (84 bytes).
    Removing mydma.o(i.MyDMA_Transfer), (56 bytes).
    Removing mydma.o(.data), (2 bytes).
    Removing oled.o(i.OLED_ShowBinNum), (62 bytes).
    Removing oled.o(i.OLED_ShowString), (40 bytes).
    Removing ic.o(i.IC_GetDuty), (32 bytes).
    Removing ic.o(i.IC_GetFreq), (28 bytes).
    Removing ic.o(i.IC_Init), (172 bytes).
    Removing motor.o(i.Motor_PWM_SetCompareRight), (16 bytes).
    Removing motor.o(i.Motor_SetRightSpeed), (104 bytes).
    Removing serial.o(i.Serial_GetRxData), (20 bytes).
    Removing serial.o(i.Serial_GetRxFlag), (12 bytes).
    Removing serial.o(i.Serial_Init), (184 bytes).
    Removing serial.o(i.Serial_Printf), (36 bytes).
    Removing serial.o(i.Serial_SendArray), (26 bytes).
    Removing serial.o(i.Serial_SendByte), (32 bytes).
    Removing serial.o(i.Serial_SendNumber), (66 bytes).
    Removing serial.o(i.Serial_SendString), (22 bytes).
    Removing mpu6050.o(i.MPU6050_GetId), (24 bytes).
    Removing mpu6050.o(i.MPU6050_GetState), (12 bytes).
    Removing mpu6050.o(i.MPU6050_Test), (20 bytes).
    Removing kalmanfilter.o(i.Kalman_Filter_X), (604 bytes).
    Removing hc_rs04.o(i.HC_RS04_GetState), (12 bytes).
    Removing bluetooth.o(i.Bluetooth_Printf), (36 bytes).
    Removing bluetooth.o(i.Bluetooth_SendArray), (26 bytes).
    Removing bluetooth.o(i.Bluetooth_SendNumber), (66 bytes).
    Removing bluetooth.o(i.Bluetooth_SendString), (22 bytes).
    Removing ddiv.o(.text), (222 bytes).
    Removing dfixul.o(.text), (48 bytes).
    Removing cdrcmple.o(.text), (48 bytes).

453 unused section(s) (total 18792 bytes) removed from the image.

==============================================================================

Image Symbol Table

    Local Symbols

    Symbol Name                              Value     Ov Type        Size  Object(Section)

    ../clib/../cmprslib/zerorunl2.c          0x00000000   Number         0  __dczerorl2.o ABSOLUTE
    ../clib/microlib/division.c              0x00000000   Number         0  uldiv.o ABSOLUTE
    ../clib/microlib/division.c              0x00000000   Number         0  uidiv.o ABSOLUTE
    ../clib/microlib/init/entry.s            0x00000000   Number         0  entry10a.o ABSOLUTE
    ../clib/microlib/init/entry.s            0x00000000   Number         0  entry11b.o ABSOLUTE
    ../clib/microlib/init/entry.s            0x00000000   Number         0  entry.o ABSOLUTE
    ../clib/microlib/init/entry.s            0x00000000   Number         0  entry11a.o ABSOLUTE
    ../clib/microlib/init/entry.s            0x00000000   Number         0  entry10b.o ABSOLUTE
    ../clib/microlib/init/entry.s            0x00000000   Number         0  entry9b.o ABSOLUTE
    ../clib/microlib/init/entry.s            0x00000000   Number         0  entry9a.o ABSOLUTE
    ../clib/microlib/init/entry.s            0x00000000   Number         0  entry8b.o ABSOLUTE
    ../clib/microlib/init/entry.s            0x00000000   Number         0  entry8a.o ABSOLUTE
    ../clib/microlib/init/entry.s            0x00000000   Number         0  entry5.o ABSOLUTE
    ../clib/microlib/init/entry.s            0x00000000   Number         0  entry7b.o ABSOLUTE
    ../clib/microlib/init/entry.s            0x00000000   Number         0  entry7a.o ABSOLUTE
    ../clib/microlib/init/entry.s            0x00000000   Number         0  entry2.o ABSOLUTE
    ../clib/microlib/longlong.c              0x00000000   Number         0  llushr.o ABSOLUTE
    ../clib/microlib/longlong.c              0x00000000   Number         0  llshl.o ABSOLUTE
    ../clib/microlib/longlong.c              0x00000000   Number         0  llsshr.o ABSOLUTE
    ../clib/microlib/printf/printf.c         0x00000000   Number         0  printfa.o ABSOLUTE
    ../clib/microlib/stdio/fputc.c           0x00000000   Number         0  fputc.o ABSOLUTE
    ../clib/microlib/stdio/semi.s            0x00000000   Number         0  semi.o ABSOLUTE
    ../clib/microlib/stdio/streams.c         0x00000000   Number         0  stdout.o ABSOLUTE
    ../clib/microlib/stubs.s                 0x00000000   Number         0  iusesemip.o ABSOLUTE
    ../clib/microlib/stubs.s                 0x00000000   Number         0  iusefp.o ABSOLUTE
    ../fplib/microlib/d2f.c                  0x00000000   Number         0  d2f.o ABSOLUTE
    ../fplib/microlib/fpadd.c                0x00000000   Number         0  fadd.o ABSOLUTE
    ../fplib/microlib/fpadd.c                0x00000000   Number         0  dadd.o ABSOLUTE
    ../fplib/microlib/fpdiv.c                0x00000000   Number         0  fdiv.o ABSOLUTE
    ../fplib/microlib/fpdiv.c                0x00000000   Number         0  ddiv.o ABSOLUTE
    ../fplib/microlib/fpepilogue.c           0x00000000   Number         0  depilogue.o ABSOLUTE
    ../fplib/microlib/fpepilogue.c           0x00000000   Number         0  fepilogue.o ABSOLUTE
    ../fplib/microlib/fpfix.c                0x00000000   Number         0  ffixi.o ABSOLUTE
    ../fplib/microlib/fpfix.c                0x00000000   Number         0  ffixui.o ABSOLUTE
    ../fplib/microlib/fpfix.c                0x00000000   Number         0  dfixul.o ABSOLUTE
    ../fplib/microlib/fpfix.c                0x00000000   Number         0  dfixi.o ABSOLUTE
    ../fplib/microlib/fpflt.c                0x00000000   Number         0  fflti.o ABSOLUTE
    ../fplib/microlib/fpflt.c                0x00000000   Number         0  dflti.o ABSOLUTE
    ../fplib/microlib/fpmul.c                0x00000000   Number         0  fmul.o ABSOLUTE
    ../fplib/microlib/fpmul.c                0x00000000   Number         0  dmul.o ABSOLUTE
    ../fplib/microlib/fpscalb.c              0x00000000   Number         0  fscalb.o ABSOLUTE
    ../mathlib/atanf.c                       0x00000000   Number         0  atanf.o ABSOLUTE
    ../mathlib/atanf.c                       0x00000000   Number         0  atanf_x.o ABSOLUTE
    ../mathlib/fpclassifyf.c                 0x00000000   Number         0  fpclassifyf.o ABSOLUTE
    ../mathlib/funder.c                      0x00000000   Number         0  funder.o ABSOLUTE
    Hardware\Bluetooth.c                     0x00000000   Number         0  bluetooth.o ABSOLUTE
    Hardware\EncoderSpeed.c                  0x00000000   Number         0  encoderspeed.o ABSOLUTE
    Hardware\HC_RS04.c                       0x00000000   Number         0  hc_rs04.o ABSOLUTE
    Hardware\IC.c                            0x00000000   Number         0  ic.o ABSOLUTE
    Hardware\KalmanFilter.c                  0x00000000   Number         0  kalmanfilter.o ABSOLUTE
    Hardware\Key.c                           0x00000000   Number         0  key.o ABSOLUTE
    Hardware\MPU6050.c                       0x00000000   Number         0  mpu6050.o ABSOLUTE
    Hardware\Motor.c                         0x00000000   Number         0  motor.o ABSOLUTE
    Hardware\OLED.c                          0x00000000   Number         0  oled.o ABSOLUTE
    Hardware\PID.c                           0x00000000   Number         0  pid.o ABSOLUTE
    Hardware\Serial.c                        0x00000000   Number         0  serial.o ABSOLUTE
    Library\misc.c                           0x00000000   Number         0  misc.o ABSOLUTE
    Library\stm32f10x_adc.c                  0x00000000   Number         0  stm32f10x_adc.o ABSOLUTE
    Library\stm32f10x_bkp.c                  0x00000000   Number         0  stm32f10x_bkp.o ABSOLUTE
    Library\stm32f10x_can.c                  0x00000000   Number         0  stm32f10x_can.o ABSOLUTE
    Library\stm32f10x_cec.c                  0x00000000   Number         0  stm32f10x_cec.o ABSOLUTE
    Library\stm32f10x_crc.c                  0x00000000   Number         0  stm32f10x_crc.o ABSOLUTE
    Library\stm32f10x_dac.c                  0x00000000   Number         0  stm32f10x_dac.o ABSOLUTE
    Library\stm32f10x_dbgmcu.c               0x00000000   Number         0  stm32f10x_dbgmcu.o ABSOLUTE
    Library\stm32f10x_dma.c                  0x00000000   Number         0  stm32f10x_dma.o ABSOLUTE
    Library\stm32f10x_exti.c                 0x00000000   Number         0  stm32f10x_exti.o ABSOLUTE
    Library\stm32f10x_flash.c                0x00000000   Number         0  stm32f10x_flash.o ABSOLUTE
    Library\stm32f10x_fsmc.c                 0x00000000   Number         0  stm32f10x_fsmc.o ABSOLUTE
    Library\stm32f10x_gpio.c                 0x00000000   Number         0  stm32f10x_gpio.o ABSOLUTE
    Library\stm32f10x_i2c.c                  0x00000000   Number         0  stm32f10x_i2c.o ABSOLUTE
    Library\stm32f10x_iwdg.c                 0x00000000   Number         0  stm32f10x_iwdg.o ABSOLUTE
    Library\stm32f10x_pwr.c                  0x00000000   Number         0  stm32f10x_pwr.o ABSOLUTE
    Library\stm32f10x_rcc.c                  0x00000000   Number         0  stm32f10x_rcc.o ABSOLUTE
    Library\stm32f10x_rtc.c                  0x00000000   Number         0  stm32f10x_rtc.o ABSOLUTE
    Library\stm32f10x_sdio.c                 0x00000000   Number         0  stm32f10x_sdio.o ABSOLUTE
    Library\stm32f10x_spi.c                  0x00000000   Number         0  stm32f10x_spi.o ABSOLUTE
    Library\stm32f10x_tim.c                  0x00000000   Number         0  stm32f10x_tim.o ABSOLUTE
    Library\stm32f10x_usart.c                0x00000000   Number         0  stm32f10x_usart.o ABSOLUTE
    Library\stm32f10x_wwdg.c                 0x00000000   Number         0  stm32f10x_wwdg.o ABSOLUTE
    Start\\core_cm3.c                        0x00000000   Number         0  core_cm3.o ABSOLUTE
    Start\core_cm3.c                         0x00000000   Number         0  core_cm3.o ABSOLUTE
    Start\startup_stm32f10x_md.s             0x00000000   Number         0  startup_stm32f10x_md.o ABSOLUTE
    Start\system_stm32f10x.c                 0x00000000   Number         0  system_stm32f10x.o ABSOLUTE
    System\Delay.c                           0x00000000   Number         0  delay.o ABSOLUTE
    System\MyDMA.c                           0x00000000   Number         0  mydma.o ABSOLUTE
    System\Timer.c                           0x00000000   Number         0  timer.o ABSOLUTE
    System\TimerCount.c                      0x00000000   Number         0  timercount.o ABSOLUTE
    System\TimerExternalClockSource.c        0x00000000   Number         0  timerexternalclocksource.o ABSOLUTE
    User\main.c                              0x00000000   Number         0  main.o ABSOLUTE
    User\stm32f10x_it.c                      0x00000000   Number         0  stm32f10x_it.o ABSOLUTE
    cdrcmple.s                               0x00000000   Number         0  cdrcmple.o ABSOLUTE
    cfcmple.s                                0x00000000   Number         0  cfcmple.o ABSOLUTE
    cfrcmple.s                               0x00000000   Number         0  cfrcmple.o ABSOLUTE
    dc.s                                     0x00000000   Number         0  dc.o ABSOLUTE
    handlers.s                               0x00000000   Number         0  handlers.o ABSOLUTE
    init.s                                   0x00000000   Number         0  init.o ABSOLUTE
    RESET                                    0x08000000   Section      236  startup_stm32f10x_md.o(RESET)
    .ARM.Collect$$$$00000000                 0x080000ec   Section        0  entry.o(.ARM.Collect$$$$00000000)
    .ARM.Collect$$$$00000001                 0x080000ec   Section        4  entry2.o(.ARM.Collect$$$$00000001)
    .ARM.Collect$$$$00000004                 0x080000f0   Section        4  entry5.o(.ARM.Collect$$$$00000004)
    .ARM.Collect$$$$00000008                 0x080000f4   Section        0  entry7b.o(.ARM.Collect$$$$00000008)
    .ARM.Collect$$$$0000000A                 0x080000f4   Section        0  entry8b.o(.ARM.Collect$$$$0000000A)
    .ARM.Collect$$$$0000000B                 0x080000f4   Section        8  entry9a.o(.ARM.Collect$$$$0000000B)
    .ARM.Collect$$$$0000000D                 0x080000fc   Section        0  entry10a.o(.ARM.Collect$$$$0000000D)
    .ARM.Collect$$$$0000000F                 0x080000fc   Section        0  entry11a.o(.ARM.Collect$$$$0000000F)
    .ARM.Collect$$$$00002712                 0x080000fc   Section        4  entry2.o(.ARM.Collect$$$$00002712)
    __lit__00000000                          0x080000fc   Data           4  entry2.o(.ARM.Collect$$$$00002712)
    .text                                    0x08000100   Section       36  startup_stm32f10x_md.o(.text)
    .text                                    0x08000124   Section        0  fadd.o(.text)
    .text                                    0x080001d4   Section        0  fmul.o(.text)
    .text                                    0x08000238   Section        0  fdiv.o(.text)
    .text                                    0x080002b4   Section        0  dadd.o(.text)
    .text                                    0x08000402   Section        0  dmul.o(.text)
    .text                                    0x080004e6   Section        0  fflti.o(.text)
    .text                                    0x080004f8   Section        0  dflti.o(.text)
    .text                                    0x0800051a   Section        0  ffixi.o(.text)
    .text                                    0x0800054c   Section        0  ffixui.o(.text)
    .text                                    0x08000574   Section        0  dfixi.o(.text)
    .text                                    0x080005b2   Section        0  d2f.o(.text)
    .text                                    0x080005ec   Section       20  cfcmple.o(.text)
    .text                                    0x08000600   Section       20  cfrcmple.o(.text)
    .text                                    0x08000614   Section        0  llshl.o(.text)
    .text                                    0x08000632   Section        0  llushr.o(.text)
    .text                                    0x08000652   Section        0  llsshr.o(.text)
    .text                                    0x08000676   Section        0  iusefp.o(.text)
    .text                                    0x08000676   Section        0  fepilogue.o(.text)
    .text                                    0x080006e4   Section        0  depilogue.o(.text)
    .text                                    0x080007a0   Section       36  init.o(.text)
    .text                                    0x080007c4   Section        0  fscalb.o(.text)
    .text                                    0x080007dc   Section        0  __dczerorl2.o(.text)
    i.Bluetooth_GetRxData                    0x08000834   Section        0  bluetooth.o(i.Bluetooth_GetRxData)
    i.Bluetooth_GetRxFlag                    0x08000848   Section        0  bluetooth.o(i.Bluetooth_GetRxFlag)
    i.Bluetooth_Init                         0x08000854   Section        0  bluetooth.o(i.Bluetooth_Init)
    i.Bluetooth_SendByte                     0x08000908   Section        0  bluetooth.o(i.Bluetooth_SendByte)
    i.BusFault_Handler                       0x08000928   Section        0  stm32f10x_it.o(i.BusFault_Handler)
    i.DebugMon_Handler                       0x0800092c   Section        0  stm32f10x_it.o(i.DebugMon_Handler)
    i.Delay_ms                               0x0800092e   Section        0  delay.o(i.Delay_ms)
    i.Delay_us                               0x08000946   Section        0  delay.o(i.Delay_us)
    i.EXTI15_10_IRQHandler                   0x08000974   Section        0  hc_rs04.o(i.EXTI15_10_IRQHandler)
    i.EXTI_ClearITPendingBit                 0x08000a38   Section        0  stm32f10x_exti.o(i.EXTI_ClearITPendingBit)
    i.EXTI_GetITStatus                       0x08000a44   Section        0  stm32f10x_exti.o(i.EXTI_GetITStatus)
    i.EXTI_Init                              0x08000a6c   Section        0  stm32f10x_exti.o(i.EXTI_Init)
    i.EncoderSpeed_Get                       0x08000b00   Section        0  encoderspeed.o(i.EncoderSpeed_Get)
    i.EncoderSpeed_Init                      0x08000b1c   Section        0  encoderspeed.o(i.EncoderSpeed_Init)
    i.GPIO_EXTILineConfig                    0x08000bbc   Section        0  stm32f10x_gpio.o(i.GPIO_EXTILineConfig)
    i.GPIO_Init                              0x08000bfc   Section        0  stm32f10x_gpio.o(i.GPIO_Init)
    i.GPIO_ReadInputDataBit                  0x08000d12   Section        0  stm32f10x_gpio.o(i.GPIO_ReadInputDataBit)
    i.GPIO_ResetBits                         0x08000d24   Section        0  stm32f10x_gpio.o(i.GPIO_ResetBits)
    i.GPIO_SetBits                           0x08000d28   Section        0  stm32f10x_gpio.o(i.GPIO_SetBits)
    i.GPIO_WriteBit                          0x08000d2c   Section        0  stm32f10x_gpio.o(i.GPIO_WriteBit)
    i.HC_RS04_Init                           0x08000d38   Section        0  hc_rs04.o(i.HC_RS04_Init)
    i.HC_RS04_Open                           0x08000dd8   Section        0  hc_rs04.o(i.HC_RS04_Open)
    i.HardFault_Handler                      0x08000e14   Section        0  stm32f10x_it.o(i.HardFault_Handler)
    i.I2C_AcknowledgeConfig                  0x08000e18   Section        0  stm32f10x_i2c.o(i.I2C_AcknowledgeConfig)
    i.I2C_CheckEvent                         0x08000e30   Section        0  stm32f10x_i2c.o(i.I2C_CheckEvent)
    i.I2C_Cmd                                0x08000e5a   Section        0  stm32f10x_i2c.o(i.I2C_Cmd)
    i.I2C_DeInit                             0x08000e74   Section        0  stm32f10x_i2c.o(i.I2C_DeInit)
    i.I2C_GenerateSTART                      0x08000eac   Section        0  stm32f10x_i2c.o(i.I2C_GenerateSTART)
    i.I2C_GenerateSTOP                       0x08000ec4   Section        0  stm32f10x_i2c.o(i.I2C_GenerateSTOP)
    i.I2C_Init                               0x08000edc   Section        0  stm32f10x_i2c.o(i.I2C_Init)
    i.I2C_ReceiveData                        0x08000fc8   Section        0  stm32f10x_i2c.o(i.I2C_ReceiveData)
    i.I2C_Send7bitAddress                    0x08000fd0   Section        0  stm32f10x_i2c.o(i.I2C_Send7bitAddress)
    i.I2C_SendData                           0x08000fe2   Section        0  stm32f10x_i2c.o(i.I2C_SendData)
    i.Kalman_Filter_Y                        0x08000fe8   Section        0  kalmanfilter.o(i.Kalman_Filter_Y)
    i.Kalman_Filter_Z                        0x08001244   Section        0  kalmanfilter.o(i.Kalman_Filter_Z)
    i.Key_GetNum                             0x080014a0   Section        0  key.o(i.Key_GetNum)
    i.Key_Init                               0x080014d4   Section        0  key.o(i.Key_Init)
    i.MPU6050WaitCheckEvent                  0x08001508   Section        0  mpu6050.o(i.MPU6050WaitCheckEvent)
    i.MPU6050_GetData                        0x0800155c   Section        0  mpu6050.o(i.MPU6050_GetData)
    i.MPU6050_Init                           0x080015d4   Section        0  mpu6050.o(i.MPU6050_Init)
    i.MPU6050_ReadReg                        0x0800168c   Section        0  mpu6050.o(i.MPU6050_ReadReg)
    i.MPU6050_WaitState                      0x08001730   Section        0  mpu6050.o(i.MPU6050_WaitState)
    i.MPU6050_WriteReg                       0x08001814   Section        0  mpu6050.o(i.MPU6050_WriteReg)
    i.MemManage_Handler                      0x08001884   Section        0  stm32f10x_it.o(i.MemManage_Handler)
    i.Motor_Init                             0x08001888   Section        0  motor.o(i.Motor_Init)
    i.Motor_PWM_Init                         0x080018c4   Section        0  motor.o(i.Motor_PWM_Init)
    i.Motor_PWM_SetCompareLeft               0x08001970   Section        0  motor.o(i.Motor_PWM_SetCompareLeft)
    i.Motor_SetLeftSpeed                     0x08001980   Section        0  motor.o(i.Motor_SetLeftSpeed)
    i.NMI_Handler                            0x080019e8   Section        0  stm32f10x_it.o(i.NMI_Handler)
    i.NVIC_Init                              0x080019ec   Section        0  misc.o(i.NVIC_Init)
    i.NVIC_PriorityGroupConfig               0x08001a5c   Section        0  misc.o(i.NVIC_PriorityGroupConfig)
    i.OLED_Clear                             0x08001a70   Section        0  oled.o(i.OLED_Clear)
    i.OLED_I2C_Init                          0x08001a9c   Section        0  oled.o(i.OLED_I2C_Init)
    i.OLED_I2C_SendByte                      0x08001aec   Section        0  oled.o(i.OLED_I2C_SendByte)
    i.OLED_I2C_Start                         0x08001b40   Section        0  oled.o(i.OLED_I2C_Start)
    i.OLED_I2C_Stop                          0x08001b74   Section        0  oled.o(i.OLED_I2C_Stop)
    i.OLED_Init                              0x08001b9c   Section        0  oled.o(i.OLED_Init)
    i.OLED_Pow                               0x08001c4a   Section        0  oled.o(i.OLED_Pow)
    i.OLED_SetCursor                         0x08001c5e   Section        0  oled.o(i.OLED_SetCursor)
    i.OLED_ShowChar                          0x08001c80   Section        0  oled.o(i.OLED_ShowChar)
    i.OLED_ShowHexNum                        0x08001cf4   Section        0  oled.o(i.OLED_ShowHexNum)
    i.OLED_ShowNum                           0x08001d48   Section        0  oled.o(i.OLED_ShowNum)
    i.OLED_ShowSignedNum                     0x08001d8c   Section        0  oled.o(i.OLED_ShowSignedNum)
    i.OLED_WriteCommand                      0x08001df2   Section        0  oled.o(i.OLED_WriteCommand)
    i.OLED_WriteData                         0x08001e12   Section        0  oled.o(i.OLED_WriteData)
    i.PID_Balance                            0x08001e34   Section        0  pid.o(i.PID_Balance)
    i.PID_Velocity                           0x08001e74   Section        0  pid.o(i.PID_Velocity)
    i.PendSV_Handler                         0x08001f7c   Section        0  stm32f10x_it.o(i.PendSV_Handler)
    i.RCC_APB1PeriphClockCmd                 0x08001f80   Section        0  stm32f10x_rcc.o(i.RCC_APB1PeriphClockCmd)
    i.RCC_APB1PeriphResetCmd                 0x08001fa0   Section        0  stm32f10x_rcc.o(i.RCC_APB1PeriphResetCmd)
    i.RCC_APB2PeriphClockCmd                 0x08001fc0   Section        0  stm32f10x_rcc.o(i.RCC_APB2PeriphClockCmd)
    i.RCC_GetClocksFreq                      0x08001fe0   Section        0  stm32f10x_rcc.o(i.RCC_GetClocksFreq)
    i.SVC_Handler                            0x080020b4   Section        0  stm32f10x_it.o(i.SVC_Handler)
    i.SetSysClock                            0x080020b6   Section        0  system_stm32f10x.o(i.SetSysClock)
    SetSysClock                              0x080020b7   Thumb Code     8  system_stm32f10x.o(i.SetSysClock)
    i.SetSysClockTo72                        0x080020c0   Section        0  system_stm32f10x.o(i.SetSysClockTo72)
    SetSysClockTo72                          0x080020c1   Thumb Code   214  system_stm32f10x.o(i.SetSysClockTo72)
    i.SysTick_Handler                        0x080021a0   Section        0  stm32f10x_it.o(i.SysTick_Handler)
    i.SystemInit                             0x080021a4   Section        0  system_stm32f10x.o(i.SystemInit)
    i.TI1_Config                             0x08002204   Section        0  stm32f10x_tim.o(i.TI1_Config)
    TI1_Config                               0x08002205   Thumb Code   108  stm32f10x_tim.o(i.TI1_Config)
    i.TI2_Config                             0x08002284   Section        0  stm32f10x_tim.o(i.TI2_Config)
    TI2_Config                               0x08002285   Thumb Code   130  stm32f10x_tim.o(i.TI2_Config)
    i.TI3_Config                             0x0800231c   Section        0  stm32f10x_tim.o(i.TI3_Config)
    TI3_Config                               0x0800231d   Thumb Code   122  stm32f10x_tim.o(i.TI3_Config)
    i.TI4_Config                             0x080023ac   Section        0  stm32f10x_tim.o(i.TI4_Config)
    TI4_Config                               0x080023ad   Thumb Code   130  stm32f10x_tim.o(i.TI4_Config)
    i.TIM1_UP_IRQHandler                     0x08002444   Section        0  main.o(i.TIM1_UP_IRQHandler)
    i.TIM_ClearFlag                          0x0800268c   Section        0  stm32f10x_tim.o(i.TIM_ClearFlag)
    i.TIM_ClearITPendingBit                  0x08002692   Section        0  stm32f10x_tim.o(i.TIM_ClearITPendingBit)
    i.TIM_Cmd                                0x08002698   Section        0  stm32f10x_tim.o(i.TIM_Cmd)
    i.TIM_EncoderInterfaceConfig             0x080026b0   Section        0  stm32f10x_tim.o(i.TIM_EncoderInterfaceConfig)
    i.TIM_GetCounter                         0x080026f2   Section        0  stm32f10x_tim.o(i.TIM_GetCounter)
    i.TIM_ICInit                             0x080026f8   Section        0  stm32f10x_tim.o(i.TIM_ICInit)
    i.TIM_ICStructInit                       0x080027a4   Section        0  stm32f10x_tim.o(i.TIM_ICStructInit)
    i.TIM_ITConfig                           0x080027b6   Section        0  stm32f10x_tim.o(i.TIM_ITConfig)
    i.TIM_InternalClockConfig                0x080027c8   Section        0  stm32f10x_tim.o(i.TIM_InternalClockConfig)
    i.TIM_OC1Init                            0x080027d4   Section        0  stm32f10x_tim.o(i.TIM_OC1Init)
    i.TIM_OC2Init                            0x0800286c   Section        0  stm32f10x_tim.o(i.TIM_OC2Init)
    i.TIM_OCStructInit                       0x08002910   Section        0  stm32f10x_tim.o(i.TIM_OCStructInit)
    i.TIM_SetCompare1                        0x08002924   Section        0  stm32f10x_tim.o(i.TIM_SetCompare1)
    i.TIM_SetCounter                         0x08002928   Section        0  stm32f10x_tim.o(i.TIM_SetCounter)
    i.TIM_SetIC1Prescaler                    0x0800292c   Section        0  stm32f10x_tim.o(i.TIM_SetIC1Prescaler)
    i.TIM_SetIC2Prescaler                    0x0800293e   Section        0  stm32f10x_tim.o(i.TIM_SetIC2Prescaler)
    i.TIM_SetIC3Prescaler                    0x08002958   Section        0  stm32f10x_tim.o(i.TIM_SetIC3Prescaler)
    i.TIM_SetIC4Prescaler                    0x0800296a   Section        0  stm32f10x_tim.o(i.TIM_SetIC4Prescaler)
    i.TIM_TimeBaseInit                       0x08002984   Section        0  stm32f10x_tim.o(i.TIM_TimeBaseInit)
    i.TimerCount_GetCount                    0x08002a28   Section        0  timercount.o(i.TimerCount_GetCount)
    i.TimerCount_Init                        0x08002a44   Section        0  timercount.o(i.TimerCount_Init)
    i.Timer_Init                             0x08002a8c   Section        0  timer.o(i.Timer_Init)
    i.USART1_IRQHandler                      0x08002b08   Section        0  serial.o(i.USART1_IRQHandler)
    i.USART2_IRQHandler                      0x08002b40   Section        0  bluetooth.o(i.USART2_IRQHandler)
    i.USART_ClearITPendingBit                0x08002b78   Section        0  stm32f10x_usart.o(i.USART_ClearITPendingBit)
    i.USART_Cmd                              0x08002b96   Section        0  stm32f10x_usart.o(i.USART_Cmd)
    i.USART_GetFlagStatus                    0x08002bae   Section        0  stm32f10x_usart.o(i.USART_GetFlagStatus)
    i.USART_GetITStatus                      0x08002bc8   Section        0  stm32f10x_usart.o(i.USART_GetITStatus)
    i.USART_ITConfig                         0x08002c1c   Section        0  stm32f10x_usart.o(i.USART_ITConfig)
    i.USART_Init                             0x08002c68   Section        0  stm32f10x_usart.o(i.USART_Init)
    i.USART_ReceiveData                      0x08002d40   Section        0  stm32f10x_usart.o(i.USART_ReceiveData)
    i.USART_SendData                         0x08002d4a   Section        0  stm32f10x_usart.o(i.USART_SendData)
    i.UsageFault_Handler                     0x08002d52   Section        0  stm32f10x_it.o(i.UsageFault_Handler)
    i.__ARM_fpclassifyf                      0x08002d56   Section        0  fpclassifyf.o(i.__ARM_fpclassifyf)
    i.__mathlib_flt_infnan                   0x08002d7c   Section        0  funder.o(i.__mathlib_flt_infnan)
    i.__mathlib_flt_underflow                0x08002d82   Section        0  funder.o(i.__mathlib_flt_underflow)
    i.__scatterload_copy                     0x08002d8c   Section       14  handlers.o(i.__scatterload_copy)
    i.__scatterload_null                     0x08002d9a   Section        2  handlers.o(i.__scatterload_null)
    i.__scatterload_zeroinit                 0x08002d9c   Section       14  handlers.o(i.__scatterload_zeroinit)
    i.atanf                                  0x08002dac   Section        0  atanf.o(i.atanf)
    i.main                                   0x08002f28   Section        0  main.o(i.main)
    .constdata                               0x08003030   Section     1520  oled.o(.constdata)
    .data                                    0x20000000   Section       46  main.o(.data)
    speedLoop                                0x20000024   Data           2  main.o(.data)
    verticalLoop                             0x20000026   Data           2  main.o(.data)
    steeringRing                             0x20000028   Data           2  main.o(.data)
    leftSpeed_LPF                            0x2000002a   Data           2  main.o(.data)
    rightSpeed_LPF                           0x2000002c   Data           2  main.o(.data)
    .data                                    0x2000002e   Section       20  stm32f10x_rcc.o(.data)
    APBAHBPrescTable                         0x2000002e   Data          16  stm32f10x_rcc.o(.data)
    ADCPrescTable                            0x2000003e   Data           4  stm32f10x_rcc.o(.data)
    .data                                    0x20000042   Section        2  serial.o(.data)
    .data                                    0x20000044   Section        4  mpu6050.o(.data)
    .data                                    0x20000048   Section      200  kalmanfilter.o(.data)
    angle                                    0x2000005c   Data           4  kalmanfilter.o(.data)
    angle_dot                                0x20000060   Data           4  kalmanfilter.o(.data)
    P                                        0x20000064   Data          16  kalmanfilter.o(.data)
    q_bias                                   0x20000074   Data           4  kalmanfilter.o(.data)
    angle_err                                0x20000078   Data           4  kalmanfilter.o(.data)
    PCt_0                                    0x2000007c   Data           4  kalmanfilter.o(.data)
    PCt_1                                    0x20000080   Data           4  kalmanfilter.o(.data)
    E                                        0x20000084   Data           4  kalmanfilter.o(.data)
    K_0                                      0x20000088   Data           4  kalmanfilter.o(.data)
    K_1                                      0x2000008c   Data           4  kalmanfilter.o(.data)
    t_0                                      0x20000090   Data           4  kalmanfilter.o(.data)
    t_1                                      0x20000094   Data           4  kalmanfilter.o(.data)
    angle                                    0x20000098   Data           4  kalmanfilter.o(.data)
    angle_dot                                0x2000009c   Data           4  kalmanfilter.o(.data)
    P                                        0x200000a0   Data          16  kalmanfilter.o(.data)
    q_bias                                   0x200000b0   Data           4  kalmanfilter.o(.data)
    angle_err                                0x200000b4   Data           4  kalmanfilter.o(.data)
    PCt_0                                    0x200000b8   Data           4  kalmanfilter.o(.data)
    PCt_1                                    0x200000bc   Data           4  kalmanfilter.o(.data)
    E                                        0x200000c0   Data           4  kalmanfilter.o(.data)
    K_0                                      0x200000c4   Data           4  kalmanfilter.o(.data)
    K_1                                      0x200000c8   Data           4  kalmanfilter.o(.data)
    t_0                                      0x200000cc   Data           4  kalmanfilter.o(.data)
    t_1                                      0x200000d0   Data           4  kalmanfilter.o(.data)
    angle                                    0x200000d4   Data           4  kalmanfilter.o(.data)
    angle_dot                                0x200000d8   Data           4  kalmanfilter.o(.data)
    P                                        0x200000dc   Data          16  kalmanfilter.o(.data)
    q_bias                                   0x200000ec   Data           4  kalmanfilter.o(.data)
    angle_err                                0x200000f0   Data           4  kalmanfilter.o(.data)
    PCt_0                                    0x200000f4   Data           4  kalmanfilter.o(.data)
    PCt_1                                    0x200000f8   Data           4  kalmanfilter.o(.data)
    E                                        0x200000fc   Data           4  kalmanfilter.o(.data)
    K_0                                      0x20000100   Data           4  kalmanfilter.o(.data)
    K_1                                      0x20000104   Data           4  kalmanfilter.o(.data)
    t_0                                      0x20000108   Data           4  kalmanfilter.o(.data)
    t_1                                      0x2000010c   Data           4  kalmanfilter.o(.data)
    .data                                    0x20000110   Section       20  pid.o(.data)
    Velocity                                 0x20000110   Data           4  pid.o(.data)
    Encoder_Least                            0x20000114   Data           4  pid.o(.data)
    Encoder                                  0x20000118   Data           4  pid.o(.data)
    Movement                                 0x2000011c   Data           4  pid.o(.data)
    Encoder_Integral                         0x20000120   Data           4  pid.o(.data)
    .data                                    0x20000124   Section       11  hc_rs04.o(.data)
    .data                                    0x2000012f   Section        2  bluetooth.o(.data)
    .bss                                     0x20000134   Section       12  main.o(.bss)
    .bss                                     0x20000140   Section       48  kalmanfilter.o(.bss)
    Pdot                                     0x20000140   Data          16  kalmanfilter.o(.bss)
    Pdot                                     0x20000150   Data          16  kalmanfilter.o(.bss)
    Pdot                                     0x20000160   Data          16  kalmanfilter.o(.bss)
    STACK                                    0x20000170   Section     1024  startup_stm32f10x_md.o(STACK)

    Global Symbols

    Symbol Name                              Value     Ov Type        Size  Object(Section)

    BuildAttributes$$THM_ISAv4$P$D$K$B$S$PE$A:L22UL41UL21$X:L11$S22US41US21$IEEE1$IW$USESV6$~STKCKD$USESV7$~SHL$OTIME$ROPI$IEEEX$EBA8$MICROLIB$REQ8$PRES8$EABIv2 0x00000000   Number         0  anon$$obj.o ABSOLUTE
    __ARM_use_no_argv                        0x00000000   Number         0  main.o ABSOLUTE
    __cpp_initialize__aeabi_                  - Undefined Weak Reference
    __cxa_finalize                            - Undefined Weak Reference
    _clock_init                               - Undefined Weak Reference
    _microlib_exit                            - Undefined Weak Reference
    __Vectors_Size                           0x000000ec   Number         0  startup_stm32f10x_md.o ABSOLUTE
    __Vectors                                0x08000000   Data           4  startup_stm32f10x_md.o(RESET)
    __Vectors_End                            0x080000ec   Data           0  startup_stm32f10x_md.o(RESET)
    __main                                   0x080000ed   Thumb Code     0  entry.o(.ARM.Collect$$$$00000000)
    _main_stk                                0x080000ed   Thumb Code     0  entry2.o(.ARM.Collect$$$$00000001)
    _main_scatterload                        0x080000f1   Thumb Code     0  entry5.o(.ARM.Collect$$$$00000004)
    __main_after_scatterload                 0x080000f5   Thumb Code     0  entry5.o(.ARM.Collect$$$$00000004)
    _main_clock                              0x080000f5   Thumb Code     0  entry7b.o(.ARM.Collect$$$$00000008)
    _main_cpp_init                           0x080000f5   Thumb Code     0  entry8b.o(.ARM.Collect$$$$0000000A)
    _main_init                               0x080000f5   Thumb Code     0  entry9a.o(.ARM.Collect$$$$0000000B)
    __rt_final_cpp                           0x080000fd   Thumb Code     0  entry10a.o(.ARM.Collect$$$$0000000D)
    __rt_final_exit                          0x080000fd   Thumb Code     0  entry11a.o(.ARM.Collect$$$$0000000F)
    Reset_Handler                            0x08000101   Thumb Code     8  startup_stm32f10x_md.o(.text)
    ADC1_2_IRQHandler                        0x0800011b   Thumb Code     0  startup_stm32f10x_md.o(.text)
    CAN1_RX1_IRQHandler                      0x0800011b   Thumb Code     0  startup_stm32f10x_md.o(.text)
    CAN1_SCE_IRQHandler                      0x0800011b   Thumb Code     0  startup_stm32f10x_md.o(.text)
    DMA1_Channel1_IRQHandler                 0x0800011b   Thumb Code     0  startup_stm32f10x_md.o(.text)
    DMA1_Channel2_IRQHandler                 0x0800011b   Thumb Code     0  startup_stm32f10x_md.o(.text)
    DMA1_Channel3_IRQHandler                 0x0800011b   Thumb Code     0  startup_stm32f10x_md.o(.text)
    DMA1_Channel4_IRQHandler                 0x0800011b   Thumb Code     0  startup_stm32f10x_md.o(.text)
    DMA1_Channel5_IRQHandler                 0x0800011b   Thumb Code     0  startup_stm32f10x_md.o(.text)
    DMA1_Channel6_IRQHandler                 0x0800011b   Thumb Code     0  startup_stm32f10x_md.o(.text)
    DMA1_Channel7_IRQHandler                 0x0800011b   Thumb Code     0  startup_stm32f10x_md.o(.text)
    EXTI0_IRQHandler                         0x0800011b   Thumb Code     0  startup_stm32f10x_md.o(.text)
    EXTI1_IRQHandler                         0x0800011b   Thumb Code     0  startup_stm32f10x_md.o(.text)
    EXTI2_IRQHandler                         0x0800011b   Thumb Code     0  startup_stm32f10x_md.o(.text)
    EXTI3_IRQHandler                         0x0800011b   Thumb Code     0  startup_stm32f10x_md.o(.text)
    EXTI4_IRQHandler                         0x0800011b   Thumb Code     0  startup_stm32f10x_md.o(.text)
    EXTI9_5_IRQHandler                       0x0800011b   Thumb Code     0  startup_stm32f10x_md.o(.text)
    FLASH_IRQHandler                         0x0800011b   Thumb Code     0  startup_stm32f10x_md.o(.text)
    I2C1_ER_IRQHandler                       0x0800011b   Thumb Code     0  startup_stm32f10x_md.o(.text)
    I2C1_EV_IRQHandler                       0x0800011b   Thumb Code     0  startup_stm32f10x_md.o(.text)
    I2C2_ER_IRQHandler                       0x0800011b   Thumb Code     0  startup_stm32f10x_md.o(.text)
    I2C2_EV_IRQHandler                       0x0800011b   Thumb Code     0  startup_stm32f10x_md.o(.text)
    PVD_IRQHandler                           0x0800011b   Thumb Code     0  startup_stm32f10x_md.o(.text)
    RCC_IRQHandler                           0x0800011b   Thumb Code     0  startup_stm32f10x_md.o(.text)
    RTCAlarm_IRQHandler                      0x0800011b   Thumb Code     0  startup_stm32f10x_md.o(.text)
    RTC_IRQHandler                           0x0800011b   Thumb Code     0  startup_stm32f10x_md.o(.text)
    SPI1_IRQHandler                          0x0800011b   Thumb Code     0  startup_stm32f10x_md.o(.text)
    SPI2_IRQHandler                          0x0800011b   Thumb Code     0  startup_stm32f10x_md.o(.text)
    TAMPER_IRQHandler                        0x0800011b   Thumb Code     0  startup_stm32f10x_md.o(.text)
    TIM1_BRK_IRQHandler                      0x0800011b   Thumb Code     0  startup_stm32f10x_md.o(.text)
    TIM1_CC_IRQHandler                       0x0800011b   Thumb Code     0  startup_stm32f10x_md.o(.text)
    TIM1_TRG_COM_IRQHandler                  0x0800011b   Thumb Code     0  startup_stm32f10x_md.o(.text)
    TIM2_IRQHandler                          0x0800011b   Thumb Code     0  startup_stm32f10x_md.o(.text)
    TIM3_IRQHandler                          0x0800011b   Thumb Code     0  startup_stm32f10x_md.o(.text)
    TIM4_IRQHandler                          0x0800011b   Thumb Code     0  startup_stm32f10x_md.o(.text)
    USART3_IRQHandler                        0x0800011b   Thumb Code     0  startup_stm32f10x_md.o(.text)
    USBWakeUp_IRQHandler                     0x0800011b   Thumb Code     0  startup_stm32f10x_md.o(.text)
    USB_HP_CAN1_TX_IRQHandler                0x0800011b   Thumb Code     0  startup_stm32f10x_md.o(.text)
    USB_LP_CAN1_RX0_IRQHandler               0x0800011b   Thumb Code     0  startup_stm32f10x_md.o(.text)
    WWDG_IRQHandler                          0x0800011b   Thumb Code     0  startup_stm32f10x_md.o(.text)
    __aeabi_fadd                             0x08000125   Thumb Code   164  fadd.o(.text)
    __aeabi_fsub                             0x080001c9   Thumb Code     6  fadd.o(.text)
    __aeabi_frsub                            0x080001cf   Thumb Code     6  fadd.o(.text)
    __aeabi_fmul                             0x080001d5   Thumb Code   100  fmul.o(.text)
    __aeabi_fdiv                             0x08000239   Thumb Code   124  fdiv.o(.text)
    __aeabi_dadd                             0x080002b5   Thumb Code   322  dadd.o(.text)
    __aeabi_dsub                             0x080003f7   Thumb Code     6  dadd.o(.text)
    __aeabi_drsub                            0x080003fd   Thumb Code     6  dadd.o(.text)
    __aeabi_dmul                             0x08000403   Thumb Code   228  dmul.o(.text)
    __aeabi_i2f                              0x080004e7   Thumb Code    18  fflti.o(.text)
    __aeabi_i2d                              0x080004f9   Thumb Code    34  dflti.o(.text)
    __aeabi_f2iz                             0x0800051b   Thumb Code    50  ffixi.o(.text)
    __aeabi_f2uiz                            0x0800054d   Thumb Code    40  ffixui.o(.text)
    __aeabi_d2iz                             0x08000575   Thumb Code    62  dfixi.o(.text)
    __aeabi_d2f                              0x080005b3   Thumb Code    56  d2f.o(.text)
    __aeabi_cfcmpeq                          0x080005ed   Thumb Code     0  cfcmple.o(.text)
    __aeabi_cfcmple                          0x080005ed   Thumb Code    20  cfcmple.o(.text)
    __aeabi_cfrcmple                         0x08000601   Thumb Code    20  cfrcmple.o(.text)
    __aeabi_llsl                             0x08000615   Thumb Code    30  llshl.o(.text)
    _ll_shift_l                              0x08000615   Thumb Code     0  llshl.o(.text)
    __aeabi_llsr                             0x08000633   Thumb Code    32  llushr.o(.text)
    _ll_ushift_r                             0x08000633   Thumb Code     0  llushr.o(.text)
    __aeabi_lasr                             0x08000653   Thumb Code    36  llsshr.o(.text)
    _ll_sshift_r                             0x08000653   Thumb Code     0  llsshr.o(.text)
    __I$use$fp                               0x08000677   Thumb Code     0  iusefp.o(.text)
    _float_round                             0x08000677   Thumb Code    18  fepilogue.o(.text)
    _float_epilogue                          0x08000689   Thumb Code    92  fepilogue.o(.text)
    _double_round                            0x080006e5   Thumb Code    30  depilogue.o(.text)
    _double_epilogue                         0x08000703   Thumb Code   156  depilogue.o(.text)
    __scatterload                            0x080007a1   Thumb Code    28  init.o(.text)
    __scatterload_rt2                        0x080007a1   Thumb Code     0  init.o(.text)
    __ARM_scalbnf                            0x080007c5   Thumb Code    24  fscalb.o(.text)
    scalbnf                                  0x080007c5   Thumb Code     0  fscalb.o(.text)
    __decompress                             0x080007dd   Thumb Code     0  __dczerorl2.o(.text)
    __decompress1                            0x080007dd   Thumb Code    86  __dczerorl2.o(.text)
    Bluetooth_GetRxData                      0x08000835   Thumb Code    12  bluetooth.o(i.Bluetooth_GetRxData)
    Bluetooth_GetRxFlag                      0x08000849   Thumb Code     6  bluetooth.o(i.Bluetooth_GetRxFlag)
    Bluetooth_Init                           0x08000855   Thumb Code   172  bluetooth.o(i.Bluetooth_Init)
    Bluetooth_SendByte                       0x08000909   Thumb Code    28  bluetooth.o(i.Bluetooth_SendByte)
    BusFault_Handler                         0x08000929   Thumb Code     4  stm32f10x_it.o(i.BusFault_Handler)
    DebugMon_Handler                         0x0800092d   Thumb Code     2  stm32f10x_it.o(i.DebugMon_Handler)
    Delay_ms                                 0x0800092f   Thumb Code    24  delay.o(i.Delay_ms)
    Delay_us                                 0x08000947   Thumb Code    46  delay.o(i.Delay_us)
    EXTI15_10_IRQHandler                     0x08000975   Thumb Code   158  hc_rs04.o(i.EXTI15_10_IRQHandler)
    EXTI_ClearITPendingBit                   0x08000a39   Thumb Code     6  stm32f10x_exti.o(i.EXTI_ClearITPendingBit)
    EXTI_GetITStatus                         0x08000a45   Thumb Code    34  stm32f10x_exti.o(i.EXTI_GetITStatus)
    EXTI_Init                                0x08000a6d   Thumb Code   142  stm32f10x_exti.o(i.EXTI_Init)
    EncoderSpeed_Get                         0x08000b01   Thumb Code    22  encoderspeed.o(i.EncoderSpeed_Get)
    EncoderSpeed_Init                        0x08000b1d   Thumb Code   152  encoderspeed.o(i.EncoderSpeed_Init)
    GPIO_EXTILineConfig                      0x08000bbd   Thumb Code    60  stm32f10x_gpio.o(i.GPIO_EXTILineConfig)
    GPIO_Init                                0x08000bfd   Thumb Code   278  stm32f10x_gpio.o(i.GPIO_Init)
    GPIO_ReadInputDataBit                    0x08000d13   Thumb Code    18  stm32f10x_gpio.o(i.GPIO_ReadInputDataBit)
    GPIO_ResetBits                           0x08000d25   Thumb Code     4  stm32f10x_gpio.o(i.GPIO_ResetBits)
    GPIO_SetBits                             0x08000d29   Thumb Code     4  stm32f10x_gpio.o(i.GPIO_SetBits)
    GPIO_WriteBit                            0x08000d2d   Thumb Code    10  stm32f10x_gpio.o(i.GPIO_WriteBit)
    HC_RS04_Init                             0x08000d39   Thumb Code   154  hc_rs04.o(i.HC_RS04_Init)
    HC_RS04_Open                             0x08000dd9   Thumb Code    50  hc_rs04.o(i.HC_RS04_Open)
    HardFault_Handler                        0x08000e15   Thumb Code     4  stm32f10x_it.o(i.HardFault_Handler)
    I2C_AcknowledgeConfig                    0x08000e19   Thumb Code    24  stm32f10x_i2c.o(i.I2C_AcknowledgeConfig)
    I2C_CheckEvent                           0x08000e31   Thumb Code    42  stm32f10x_i2c.o(i.I2C_CheckEvent)
    I2C_Cmd                                  0x08000e5b   Thumb Code    24  stm32f10x_i2c.o(i.I2C_Cmd)
    I2C_DeInit                               0x08000e75   Thumb Code    50  stm32f10x_i2c.o(i.I2C_DeInit)
    I2C_GenerateSTART                        0x08000ead   Thumb Code    24  stm32f10x_i2c.o(i.I2C_GenerateSTART)
    I2C_GenerateSTOP                         0x08000ec5   Thumb Code    24  stm32f10x_i2c.o(i.I2C_GenerateSTOP)
    I2C_Init                                 0x08000edd   Thumb Code   222  stm32f10x_i2c.o(i.I2C_Init)
    I2C_ReceiveData                          0x08000fc9   Thumb Code     8  stm32f10x_i2c.o(i.I2C_ReceiveData)
    I2C_Send7bitAddress                      0x08000fd1   Thumb Code    18  stm32f10x_i2c.o(i.I2C_Send7bitAddress)
    I2C_SendData                             0x08000fe3   Thumb Code     4  stm32f10x_i2c.o(i.I2C_SendData)
    Kalman_Filter_Y                          0x08000fe9   Thumb Code   530  kalmanfilter.o(i.Kalman_Filter_Y)
    Kalman_Filter_Z                          0x08001245   Thumb Code   530  kalmanfilter.o(i.Kalman_Filter_Z)
    Key_GetNum                               0x080014a1   Thumb Code    46  key.o(i.Key_GetNum)
    Key_Init                                 0x080014d5   Thumb Code    46  key.o(i.Key_Init)
    MPU6050WaitCheckEvent                    0x08001509   Thumb Code    74  mpu6050.o(i.MPU6050WaitCheckEvent)
    MPU6050_GetData                          0x0800155d   Thumb Code   114  mpu6050.o(i.MPU6050_GetData)
    MPU6050_Init                             0x080015d5   Thumb Code   172  mpu6050.o(i.MPU6050_Init)
    MPU6050_ReadReg                          0x0800168d   Thumb Code   148  mpu6050.o(i.MPU6050_ReadReg)
    MPU6050_WaitState                        0x08001731   Thumb Code   212  mpu6050.o(i.MPU6050_WaitState)
    MPU6050_WriteReg                         0x08001815   Thumb Code    96  mpu6050.o(i.MPU6050_WriteReg)
    MemManage_Handler                        0x08001885   Thumb Code     4  stm32f10x_it.o(i.MemManage_Handler)
    Motor_Init                               0x08001889   Thumb Code    54  motor.o(i.Motor_Init)
    Motor_PWM_Init                           0x080018c5   Thumb Code   166  motor.o(i.Motor_PWM_Init)
    Motor_PWM_SetCompareLeft                 0x08001971   Thumb Code    16  motor.o(i.Motor_PWM_SetCompareLeft)
    Motor_SetLeftSpeed                       0x08001981   Thumb Code    96  motor.o(i.Motor_SetLeftSpeed)
    NMI_Handler                              0x080019e9   Thumb Code     2  stm32f10x_it.o(i.NMI_Handler)
    NVIC_Init                                0x080019ed   Thumb Code   100  misc.o(i.NVIC_Init)
    NVIC_PriorityGroupConfig                 0x08001a5d   Thumb Code    10  misc.o(i.NVIC_PriorityGroupConfig)
    OLED_Clear                               0x08001a71   Thumb Code    42  oled.o(i.OLED_Clear)
    OLED_I2C_Init                            0x08001a9d   Thumb Code    76  oled.o(i.OLED_I2C_Init)
    OLED_I2C_SendByte                        0x08001aed   Thumb Code    80  oled.o(i.OLED_I2C_SendByte)
    OLED_I2C_Start                           0x08001b41   Thumb Code    48  oled.o(i.OLED_I2C_Start)
    OLED_I2C_Stop                            0x08001b75   Thumb Code    36  oled.o(i.OLED_I2C_Stop)
    OLED_Init                                0x08001b9d   Thumb Code   174  oled.o(i.OLED_Init)
    OLED_Pow                                 0x08001c4b   Thumb Code    20  oled.o(i.OLED_Pow)
    OLED_SetCursor                           0x08001c5f   Thumb Code    34  oled.o(i.OLED_SetCursor)
    OLED_ShowChar                            0x08001c81   Thumb Code   110  oled.o(i.OLED_ShowChar)
    OLED_ShowHexNum                          0x08001cf5   Thumb Code    84  oled.o(i.OLED_ShowHexNum)
    OLED_ShowNum                             0x08001d49   Thumb Code    68  oled.o(i.OLED_ShowNum)
    OLED_ShowSignedNum                       0x08001d8d   Thumb Code   102  oled.o(i.OLED_ShowSignedNum)
    OLED_WriteCommand                        0x08001df3   Thumb Code    32  oled.o(i.OLED_WriteCommand)
    OLED_WriteData                           0x08001e13   Thumb Code    32  oled.o(i.OLED_WriteData)
    PID_Balance                              0x08001e35   Thumb Code    50  pid.o(i.PID_Balance)
    PID_Velocity                             0x08001e75   Thumb Code   214  pid.o(i.PID_Velocity)
    PendSV_Handler                           0x08001f7d   Thumb Code     2  stm32f10x_it.o(i.PendSV_Handler)
    RCC_APB1PeriphClockCmd                   0x08001f81   Thumb Code    26  stm32f10x_rcc.o(i.RCC_APB1PeriphClockCmd)
    RCC_APB1PeriphResetCmd                   0x08001fa1   Thumb Code    26  stm32f10x_rcc.o(i.RCC_APB1PeriphResetCmd)
    RCC_APB2PeriphClockCmd                   0x08001fc1   Thumb Code    26  stm32f10x_rcc.o(i.RCC_APB2PeriphClockCmd)
    RCC_GetClocksFreq                        0x08001fe1   Thumb Code   192  stm32f10x_rcc.o(i.RCC_GetClocksFreq)
    SVC_Handler                              0x080020b5   Thumb Code     2  stm32f10x_it.o(i.SVC_Handler)
    SysTick_Handler                          0x080021a1   Thumb Code     2  stm32f10x_it.o(i.SysTick_Handler)
    SystemInit                               0x080021a5   Thumb Code    78  system_stm32f10x.o(i.SystemInit)
    TIM1_UP_IRQHandler                       0x08002445   Thumb Code   508  main.o(i.TIM1_UP_IRQHandler)
    TIM_ClearFlag                            0x0800268d   Thumb Code     6  stm32f10x_tim.o(i.TIM_ClearFlag)
    TIM_ClearITPendingBit                    0x08002693   Thumb Code     6  stm32f10x_tim.o(i.TIM_ClearITPendingBit)
    TIM_Cmd                                  0x08002699   Thumb Code    24  stm32f10x_tim.o(i.TIM_Cmd)
    TIM_EncoderInterfaceConfig               0x080026b1   Thumb Code    66  stm32f10x_tim.o(i.TIM_EncoderInterfaceConfig)
    TIM_GetCounter                           0x080026f3   Thumb Code     6  stm32f10x_tim.o(i.TIM_GetCounter)
    TIM_ICInit                               0x080026f9   Thumb Code   150  stm32f10x_tim.o(i.TIM_ICInit)
    TIM_ICStructInit                         0x080027a5   Thumb Code    18  stm32f10x_tim.o(i.TIM_ICStructInit)
    TIM_ITConfig                             0x080027b7   Thumb Code    18  stm32f10x_tim.o(i.TIM_ITConfig)
    TIM_InternalClockConfig                  0x080027c9   Thumb Code    12  stm32f10x_tim.o(i.TIM_InternalClockConfig)
    TIM_OC1Init                              0x080027d5   Thumb Code   132  stm32f10x_tim.o(i.TIM_OC1Init)
    TIM_OC2Init                              0x0800286d   Thumb Code   154  stm32f10x_tim.o(i.TIM_OC2Init)
    TIM_OCStructInit                         0x08002911   Thumb Code    20  stm32f10x_tim.o(i.TIM_OCStructInit)
    TIM_SetCompare1                          0x08002925   Thumb Code     4  stm32f10x_tim.o(i.TIM_SetCompare1)
    TIM_SetCounter                           0x08002929   Thumb Code     4  stm32f10x_tim.o(i.TIM_SetCounter)
    TIM_SetIC1Prescaler                      0x0800292d   Thumb Code    18  stm32f10x_tim.o(i.TIM_SetIC1Prescaler)
    TIM_SetIC2Prescaler                      0x0800293f   Thumb Code    26  stm32f10x_tim.o(i.TIM_SetIC2Prescaler)
    TIM_SetIC3Prescaler                      0x08002959   Thumb Code    18  stm32f10x_tim.o(i.TIM_SetIC3Prescaler)
    TIM_SetIC4Prescaler                      0x0800296b   Thumb Code    26  stm32f10x_tim.o(i.TIM_SetIC4Prescaler)
    TIM_TimeBaseInit                         0x08002985   Thumb Code   122  stm32f10x_tim.o(i.TIM_TimeBaseInit)
    TimerCount_GetCount                      0x08002a29   Thumb Code    22  timercount.o(i.TimerCount_GetCount)
    TimerCount_Init                          0x08002a45   Thumb Code    66  timercount.o(i.TimerCount_Init)
    Timer_Init                               0x08002a8d   Thumb Code   120  timer.o(i.Timer_Init)
    USART1_IRQHandler                        0x08002b09   Thumb Code    44  serial.o(i.USART1_IRQHandler)
    USART2_IRQHandler                        0x08002b41   Thumb Code    44  bluetooth.o(i.USART2_IRQHandler)
    USART_ClearITPendingBit                  0x08002b79   Thumb Code    30  stm32f10x_usart.o(i.USART_ClearITPendingBit)
    USART_Cmd                                0x08002b97   Thumb Code    24  stm32f10x_usart.o(i.USART_Cmd)
    USART_GetFlagStatus                      0x08002baf   Thumb Code    26  stm32f10x_usart.o(i.USART_GetFlagStatus)
    USART_GetITStatus                        0x08002bc9   Thumb Code    84  stm32f10x_usart.o(i.USART_GetITStatus)
    USART_ITConfig                           0x08002c1d   Thumb Code    74  stm32f10x_usart.o(i.USART_ITConfig)
    USART_Init                               0x08002c69   Thumb Code   210  stm32f10x_usart.o(i.USART_Init)
    USART_ReceiveData                        0x08002d41   Thumb Code    10  stm32f10x_usart.o(i.USART_ReceiveData)
    USART_SendData                           0x08002d4b   Thumb Code     8  stm32f10x_usart.o(i.USART_SendData)
    UsageFault_Handler                       0x08002d53   Thumb Code     4  stm32f10x_it.o(i.UsageFault_Handler)
    __ARM_fpclassifyf                        0x08002d57   Thumb Code    38  fpclassifyf.o(i.__ARM_fpclassifyf)
    __mathlib_flt_infnan                     0x08002d7d   Thumb Code     6  funder.o(i.__mathlib_flt_infnan)
    __mathlib_flt_underflow                  0x08002d83   Thumb Code    10  funder.o(i.__mathlib_flt_underflow)
    __scatterload_copy                       0x08002d8d   Thumb Code    14  handlers.o(i.__scatterload_copy)
    __scatterload_null                       0x08002d9b   Thumb Code     2  handlers.o(i.__scatterload_null)
    __scatterload_zeroinit                   0x08002d9d   Thumb Code    14  handlers.o(i.__scatterload_zeroinit)
    atanf                                    0x08002dad   Thumb Code   324  atanf.o(i.atanf)
    main                                     0x08002f29   Thumb Code   236  main.o(i.main)
    OLED_F8x16                               0x08003030   Data        1520  oled.o(.constdata)
    Region$$Table$$Base                      0x08003620   Number         0  anon$$obj.o(Region$$Table)
    Region$$Table$$Limit                     0x08003640   Number         0  anon$$obj.o(Region$$Table)
    TargetSpeed                              0x20000000   Data           2  main.o(.data)
    leftTargetSpeed                          0x20000002   Data           2  main.o(.data)
    rightTargetSpeed                         0x20000004   Data           2  main.o(.data)
    leftEncoderSpeed                         0x20000006   Data           2  main.o(.data)
    rightEncoderSpeed                        0x20000008   Data           2  main.o(.data)
    speedState                               0x2000000a   Data           2  main.o(.data)
    leftSpeed                                0x2000000c   Data           2  main.o(.data)
    rightSpeed                               0x2000000e   Data           2  main.o(.data)
    time                                     0x20000010   Data           2  main.o(.data)
    angleX                                   0x20000014   Data           4  main.o(.data)
    angleY                                   0x20000018   Data           4  main.o(.data)
    angleZ                                   0x2000001c   Data           4  main.o(.data)
    TimerCount                               0x20000020   Data           2  main.o(.data)
    bluetooth_ReceiveData                    0x20000022   Data           1  main.o(.data)
    bluetooth_SendData                       0x20000023   Data           1  main.o(.data)
    Serial_RxData                            0x20000042   Data           1  serial.o(.data)
    Serial_RxFlag                            0x20000043   Data           1  serial.o(.data)
    MPU6050_State                            0x20000044   Data           2  mpu6050.o(.data)
    MPU6050_Count                            0x20000046   Data           2  mpu6050.o(.data)
    dt                                       0x20000048   Data           4  kalmanfilter.o(.data)
    Q_angle                                  0x2000004c   Data           4  kalmanfilter.o(.data)
    Q_gyro                                   0x20000050   Data           4  kalmanfilter.o(.data)
    R_angle                                  0x20000054   Data           4  kalmanfilter.o(.data)
    C_0                                      0x20000058   Data           4  kalmanfilter.o(.data)
    HC_RS04_Time_Small_Old                   0x20000124   Data           2  hc_rs04.o(.data)
    HC_RS04_Time_Small_New                   0x20000126   Data           2  hc_rs04.o(.data)
    HC_RS04_Distance                         0x20000128   Data           2  hc_rs04.o(.data)
    HC_RS04_Time_Big                         0x2000012a   Data           2  hc_rs04.o(.data)
    HC_RS04_Time_Big_New                     0x2000012c   Data           2  hc_rs04.o(.data)
    HC_RS04_State                            0x2000012e   Data           1  hc_rs04.o(.data)
    Bluetooth_RxData                         0x2000012f   Data           1  bluetooth.o(.data)
    Bluetooth_RxFlag                         0x20000130   Data           1  bluetooth.o(.data)
    Data                                     0x20000134   Data          12  main.o(.bss)
    __initial_sp                             0x20000570   Data           0  startup_stm32f10x_md.o(STACK)



==============================================================================

Memory Map of the image

  Image Entry point : 0x080000ed

  Load Region LR_IROM1 (Base: 0x08000000, Size: 0x00003774, Max: 0x00010000, ABSOLUTE, COMPRESSED[0x00003670])

    Execution Region ER_IROM1 (Exec base: 0x08000000, Load base: 0x08000000, Size: 0x00003640, Max: 0x00010000, ABSOLUTE)

    Exec Addr    Load Addr    Size         Type   Attr      Idx    E Section Name        Object

    0x08000000   0x08000000   0x000000ec   Data   RO          217    RESET               startup_stm32f10x_md.o
    0x080000ec   0x080000ec   0x00000000   Code   RO         3921  * .ARM.Collect$$$$00000000  mc_w.l(entry.o)
    0x080000ec   0x080000ec   0x00000004   Code   RO         3994    .ARM.Collect$$$$00000001  mc_w.l(entry2.o)
    0x080000f0   0x080000f0   0x00000004   Code   RO         3997    .ARM.Collect$$$$00000004  mc_w.l(entry5.o)
    0x080000f4   0x080000f4   0x00000000   Code   RO         3999    .ARM.Collect$$$$00000008  mc_w.l(entry7b.o)
    0x080000f4   0x080000f4   0x00000000   Code   RO         4001    .ARM.Collect$$$$0000000A  mc_w.l(entry8b.o)
    0x080000f4   0x080000f4   0x00000008   Code   RO         4002    .ARM.Collect$$$$0000000B  mc_w.l(entry9a.o)
    0x080000fc   0x080000fc   0x00000000   Code   RO         4004    .ARM.Collect$$$$0000000D  mc_w.l(entry10a.o)
    0x080000fc   0x080000fc   0x00000000   Code   RO         4006    .ARM.Collect$$$$0000000F  mc_w.l(entry11a.o)
    0x080000fc   0x080000fc   0x00000004   Code   RO         3995    .ARM.Collect$$$$00002712  mc_w.l(entry2.o)
    0x08000100   0x08000100   0x00000024   Code   RO          218    .text               startup_stm32f10x_md.o
    0x08000124   0x08000124   0x000000b0   Code   RO         3952    .text               mf_w.l(fadd.o)
    0x080001d4   0x080001d4   0x00000064   Code   RO         3954    .text               mf_w.l(fmul.o)
    0x08000238   0x08000238   0x0000007c   Code   RO         3956    .text               mf_w.l(fdiv.o)
    0x080002b4   0x080002b4   0x0000014e   Code   RO         3958    .text               mf_w.l(dadd.o)
    0x08000402   0x08000402   0x000000e4   Code   RO         3960    .text               mf_w.l(dmul.o)
    0x080004e6   0x080004e6   0x00000012   Code   RO         3962    .text               mf_w.l(fflti.o)
    0x080004f8   0x080004f8   0x00000022   Code   RO         3964    .text               mf_w.l(dflti.o)
    0x0800051a   0x0800051a   0x00000032   Code   RO         3966    .text               mf_w.l(ffixi.o)
    0x0800054c   0x0800054c   0x00000028   Code   RO         3968    .text               mf_w.l(ffixui.o)
    0x08000574   0x08000574   0x0000003e   Code   RO         3970    .text               mf_w.l(dfixi.o)
    0x080005b2   0x080005b2   0x00000038   Code   RO         3972    .text               mf_w.l(d2f.o)
    0x080005ea   0x080005ea   0x00000002   PAD
    0x080005ec   0x080005ec   0x00000014   Code   RO         3974    .text               mf_w.l(cfcmple.o)
    0x08000600   0x08000600   0x00000014   Code   RO         3976    .text               mf_w.l(cfrcmple.o)
    0x08000614   0x08000614   0x0000001e   Code   RO         4015    .text               mc_w.l(llshl.o)
    0x08000632   0x08000632   0x00000020   Code   RO         4017    .text               mc_w.l(llushr.o)
    0x08000652   0x08000652   0x00000024   Code   RO         4019    .text               mc_w.l(llsshr.o)
    0x08000676   0x08000676   0x00000000   Code   RO         4021    .text               mc_w.l(iusefp.o)
    0x08000676   0x08000676   0x0000006e   Code   RO         4022    .text               mf_w.l(fepilogue.o)
    0x080006e4   0x080006e4   0x000000ba   Code   RO         4024    .text               mf_w.l(depilogue.o)
    0x0800079e   0x0800079e   0x00000002   PAD
    0x080007a0   0x080007a0   0x00000024   Code   RO         4032    .text               mc_w.l(init.o)
    0x080007c4   0x080007c4   0x00000018   Code   RO         4036    .text               mf_w.l(fscalb.o)
    0x080007dc   0x080007dc   0x00000056   Code   RO         4046    .text               mc_w.l(__dczerorl2.o)
    0x08000832   0x08000832   0x00000002   PAD
    0x08000834   0x08000834   0x00000014   Code   RO         3850    i.Bluetooth_GetRxData  bluetooth.o
    0x08000848   0x08000848   0x0000000c   Code   RO         3851    i.Bluetooth_GetRxFlag  bluetooth.o
    0x08000854   0x08000854   0x000000b4   Code   RO         3852    i.Bluetooth_Init    bluetooth.o
    0x08000908   0x08000908   0x00000020   Code   RO         3855    i.Bluetooth_SendByte  bluetooth.o
    0x08000928   0x08000928   0x00000004   Code   RO          152    i.BusFault_Handler  stm32f10x_it.o
    0x0800092c   0x0800092c   0x00000002   Code   RO          153    i.DebugMon_Handler  stm32f10x_it.o
    0x0800092e   0x0800092e   0x00000018   Code   RO         3322    i.Delay_ms          delay.o
    0x08000946   0x08000946   0x0000002e   Code   RO         3324    i.Delay_us          delay.o
    0x08000974   0x08000974   0x000000c4   Code   RO         3814    i.EXTI15_10_IRQHandler  hc_rs04.o
    0x08000a38   0x08000a38   0x0000000c   Code   RO         1111    i.EXTI_ClearITPendingBit  stm32f10x_exti.o
    0x08000a44   0x08000a44   0x00000028   Code   RO         1115    i.EXTI_GetITStatus  stm32f10x_exti.o
    0x08000a6c   0x08000a6c   0x00000094   Code   RO         1116    i.EXTI_Init         stm32f10x_exti.o
    0x08000b00   0x08000b00   0x0000001c   Code   RO         3607    i.EncoderSpeed_Get  encoderspeed.o
    0x08000b1c   0x08000b1c   0x000000a0   Code   RO         3608    i.EncoderSpeed_Init  encoderspeed.o
    0x08000bbc   0x08000bbc   0x00000040   Code   RO         1470    i.GPIO_EXTILineConfig  stm32f10x_gpio.o
    0x08000bfc   0x08000bfc   0x00000116   Code   RO         1473    i.GPIO_Init         stm32f10x_gpio.o
    0x08000d12   0x08000d12   0x00000012   Code   RO         1477    i.GPIO_ReadInputDataBit  stm32f10x_gpio.o
    0x08000d24   0x08000d24   0x00000004   Code   RO         1480    i.GPIO_ResetBits    stm32f10x_gpio.o
    0x08000d28   0x08000d28   0x00000004   Code   RO         1481    i.GPIO_SetBits      stm32f10x_gpio.o
    0x08000d2c   0x08000d2c   0x0000000a   Code   RO         1484    i.GPIO_WriteBit     stm32f10x_gpio.o
    0x08000d36   0x08000d36   0x00000002   PAD
    0x08000d38   0x08000d38   0x000000a0   Code   RO         3816    i.HC_RS04_Init      hc_rs04.o
    0x08000dd8   0x08000dd8   0x0000003c   Code   RO         3817    i.HC_RS04_Open      hc_rs04.o
    0x08000e14   0x08000e14   0x00000004   Code   RO          154    i.HardFault_Handler  stm32f10x_it.o
    0x08000e18   0x08000e18   0x00000018   Code   RO         1585    i.I2C_AcknowledgeConfig  stm32f10x_i2c.o
    0x08000e30   0x08000e30   0x0000002a   Code   RO         1587    i.I2C_CheckEvent    stm32f10x_i2c.o
    0x08000e5a   0x08000e5a   0x00000018   Code   RO         1590    i.I2C_Cmd           stm32f10x_i2c.o
    0x08000e72   0x08000e72   0x00000002   PAD
    0x08000e74   0x08000e74   0x00000038   Code   RO         1593    i.I2C_DeInit        stm32f10x_i2c.o
    0x08000eac   0x08000eac   0x00000018   Code   RO         1597    i.I2C_GenerateSTART  stm32f10x_i2c.o
    0x08000ec4   0x08000ec4   0x00000018   Code   RO         1598    i.I2C_GenerateSTOP  stm32f10x_i2c.o
    0x08000edc   0x08000edc   0x000000ec   Code   RO         1604    i.I2C_Init          stm32f10x_i2c.o
    0x08000fc8   0x08000fc8   0x00000008   Code   RO         1609    i.I2C_ReceiveData   stm32f10x_i2c.o
    0x08000fd0   0x08000fd0   0x00000012   Code   RO         1611    i.I2C_Send7bitAddress  stm32f10x_i2c.o
    0x08000fe2   0x08000fe2   0x00000004   Code   RO         1612    i.I2C_SendData      stm32f10x_i2c.o
    0x08000fe6   0x08000fe6   0x00000002   PAD
    0x08000fe8   0x08000fe8   0x0000025c   Code   RO         3765    i.Kalman_Filter_Y   kalmanfilter.o
    0x08001244   0x08001244   0x0000025c   Code   RO         3766    i.Kalman_Filter_Z   kalmanfilter.o
    0x080014a0   0x080014a0   0x00000034   Code   RO         3415    i.Key_GetNum        key.o
    0x080014d4   0x080014d4   0x00000034   Code   RO         3416    i.Key_Init          key.o
    0x08001508   0x08001508   0x00000054   Code   RO         3695    i.MPU6050WaitCheckEvent  mpu6050.o
    0x0800155c   0x0800155c   0x00000078   Code   RO         3696    i.MPU6050_GetData   mpu6050.o
    0x080015d4   0x080015d4   0x000000b8   Code   RO         3699    i.MPU6050_Init      mpu6050.o
    0x0800168c   0x0800168c   0x000000a4   Code   RO         3700    i.MPU6050_ReadReg   mpu6050.o
    0x08001730   0x08001730   0x000000e4   Code   RO         3702    i.MPU6050_WaitState  mpu6050.o
    0x08001814   0x08001814   0x00000070   Code   RO         3703    i.MPU6050_WriteReg  mpu6050.o
    0x08001884   0x08001884   0x00000004   Code   RO          155    i.MemManage_Handler  stm32f10x_it.o
    0x08001888   0x08001888   0x0000003c   Code   RO         3565    i.Motor_Init        motor.o
    0x080018c4   0x080018c4   0x000000ac   Code   RO         3566    i.Motor_PWM_Init    motor.o
    0x08001970   0x08001970   0x00000010   Code   RO         3567    i.Motor_PWM_SetCompareLeft  motor.o
    0x08001980   0x08001980   0x00000068   Code   RO         3569    i.Motor_SetLeftSpeed  motor.o
    0x080019e8   0x080019e8   0x00000002   Code   RO          156    i.NMI_Handler       stm32f10x_it.o
    0x080019ea   0x080019ea   0x00000002   PAD
    0x080019ec   0x080019ec   0x00000070   Code   RO          286    i.NVIC_Init         misc.o
    0x08001a5c   0x08001a5c   0x00000014   Code   RO          287    i.NVIC_PriorityGroupConfig  misc.o
    0x08001a70   0x08001a70   0x0000002a   Code   RO         3433    i.OLED_Clear        oled.o
    0x08001a9a   0x08001a9a   0x00000002   PAD
    0x08001a9c   0x08001a9c   0x00000050   Code   RO         3434    i.OLED_I2C_Init     oled.o
    0x08001aec   0x08001aec   0x00000054   Code   RO         3435    i.OLED_I2C_SendByte  oled.o
    0x08001b40   0x08001b40   0x00000034   Code   RO         3436    i.OLED_I2C_Start    oled.o
    0x08001b74   0x08001b74   0x00000028   Code   RO         3437    i.OLED_I2C_Stop     oled.o
    0x08001b9c   0x08001b9c   0x000000ae   Code   RO         3438    i.OLED_Init         oled.o
    0x08001c4a   0x08001c4a   0x00000014   Code   RO         3439    i.OLED_Pow          oled.o
    0x08001c5e   0x08001c5e   0x00000022   Code   RO         3440    i.OLED_SetCursor    oled.o
    0x08001c80   0x08001c80   0x00000074   Code   RO         3442    i.OLED_ShowChar     oled.o
    0x08001cf4   0x08001cf4   0x00000054   Code   RO         3443    i.OLED_ShowHexNum   oled.o
    0x08001d48   0x08001d48   0x00000044   Code   RO         3444    i.OLED_ShowNum      oled.o
    0x08001d8c   0x08001d8c   0x00000066   Code   RO         3445    i.OLED_ShowSignedNum  oled.o
    0x08001df2   0x08001df2   0x00000020   Code   RO         3447    i.OLED_WriteCommand  oled.o
    0x08001e12   0x08001e12   0x00000020   Code   RO         3448    i.OLED_WriteData    oled.o
    0x08001e32   0x08001e32   0x00000002   PAD
    0x08001e34   0x08001e34   0x00000040   Code   RO         3795    i.PID_Balance       pid.o
    0x08001e74   0x08001e74   0x00000108   Code   RO         3796    i.PID_Velocity      pid.o
    0x08001f7c   0x08001f7c   0x00000002   Code   RO          157    i.PendSV_Handler    stm32f10x_it.o
    0x08001f7e   0x08001f7e   0x00000002   PAD
    0x08001f80   0x08001f80   0x00000020   Code   RO         1901    i.RCC_APB1PeriphClockCmd  stm32f10x_rcc.o
    0x08001fa0   0x08001fa0   0x00000020   Code   RO         1902    i.RCC_APB1PeriphResetCmd  stm32f10x_rcc.o
    0x08001fc0   0x08001fc0   0x00000020   Code   RO         1903    i.RCC_APB2PeriphClockCmd  stm32f10x_rcc.o
    0x08001fe0   0x08001fe0   0x000000d4   Code   RO         1911    i.RCC_GetClocksFreq  stm32f10x_rcc.o
    0x080020b4   0x080020b4   0x00000002   Code   RO          158    i.SVC_Handler       stm32f10x_it.o
    0x080020b6   0x080020b6   0x00000008   Code   RO          233    i.SetSysClock       system_stm32f10x.o
    0x080020be   0x080020be   0x00000002   PAD
    0x080020c0   0x080020c0   0x000000e0   Code   RO          234    i.SetSysClockTo72   system_stm32f10x.o
    0x080021a0   0x080021a0   0x00000002   Code   RO          159    i.SysTick_Handler   stm32f10x_it.o
    0x080021a2   0x080021a2   0x00000002   PAD
    0x080021a4   0x080021a4   0x00000060   Code   RO          236    i.SystemInit        system_stm32f10x.o
    0x08002204   0x08002204   0x00000080   Code   RO         2531    i.TI1_Config        stm32f10x_tim.o
    0x08002284   0x08002284   0x00000098   Code   RO         2532    i.TI2_Config        stm32f10x_tim.o
    0x0800231c   0x0800231c   0x00000090   Code   RO         2533    i.TI3_Config        stm32f10x_tim.o
    0x080023ac   0x080023ac   0x00000098   Code   RO         2534    i.TI4_Config        stm32f10x_tim.o
    0x08002444   0x08002444   0x00000248   Code   RO            1    i.TIM1_UP_IRQHandler  main.o
    0x0800268c   0x0800268c   0x00000006   Code   RO         2541    i.TIM_ClearFlag     stm32f10x_tim.o
    0x08002692   0x08002692   0x00000006   Code   RO         2542    i.TIM_ClearITPendingBit  stm32f10x_tim.o
    0x08002698   0x08002698   0x00000018   Code   RO         2547    i.TIM_Cmd           stm32f10x_tim.o
    0x080026b0   0x080026b0   0x00000042   Code   RO         2556    i.TIM_EncoderInterfaceConfig  stm32f10x_tim.o
    0x080026f2   0x080026f2   0x00000006   Code   RO         2566    i.TIM_GetCounter    stm32f10x_tim.o
    0x080026f8   0x080026f8   0x000000ac   Code   RO         2570    i.TIM_ICInit        stm32f10x_tim.o
    0x080027a4   0x080027a4   0x00000012   Code   RO         2571    i.TIM_ICStructInit  stm32f10x_tim.o
    0x080027b6   0x080027b6   0x00000012   Code   RO         2572    i.TIM_ITConfig      stm32f10x_tim.o
    0x080027c8   0x080027c8   0x0000000c   Code   RO         2574    i.TIM_InternalClockConfig  stm32f10x_tim.o
    0x080027d4   0x080027d4   0x00000098   Code   RO         2576    i.TIM_OC1Init       stm32f10x_tim.o
    0x0800286c   0x0800286c   0x000000a4   Code   RO         2581    i.TIM_OC2Init       stm32f10x_tim.o
    0x08002910   0x08002910   0x00000014   Code   RO         2594    i.TIM_OCStructInit  stm32f10x_tim.o
    0x08002924   0x08002924   0x00000004   Code   RO         2608    i.TIM_SetCompare1   stm32f10x_tim.o
    0x08002928   0x08002928   0x00000004   Code   RO         2612    i.TIM_SetCounter    stm32f10x_tim.o
    0x0800292c   0x0800292c   0x00000012   Code   RO         2613    i.TIM_SetIC1Prescaler  stm32f10x_tim.o
    0x0800293e   0x0800293e   0x0000001a   Code   RO         2614    i.TIM_SetIC2Prescaler  stm32f10x_tim.o
    0x08002958   0x08002958   0x00000012   Code   RO         2615    i.TIM_SetIC3Prescaler  stm32f10x_tim.o
    0x0800296a   0x0800296a   0x0000001a   Code   RO         2616    i.TIM_SetIC4Prescaler  stm32f10x_tim.o
    0x08002984   0x08002984   0x000000a4   Code   RO         2618    i.TIM_TimeBaseInit  stm32f10x_tim.o
    0x08002a28   0x08002a28   0x0000001c   Code   RO         3397    i.TimerCount_GetCount  timercount.o
    0x08002a44   0x08002a44   0x00000048   Code   RO         3398    i.TimerCount_Init   timercount.o
    0x08002a8c   0x08002a8c   0x0000007c   Code   RO         3346    i.Timer_Init        timer.o
    0x08002b08   0x08002b08   0x00000038   Code   RO         3633    i.USART1_IRQHandler  serial.o
    0x08002b40   0x08002b40   0x00000038   Code   RO         3858    i.USART2_IRQHandler  bluetooth.o
    0x08002b78   0x08002b78   0x0000001e   Code   RO         3083    i.USART_ClearITPendingBit  stm32f10x_usart.o
    0x08002b96   0x08002b96   0x00000018   Code   RO         3086    i.USART_Cmd         stm32f10x_usart.o
    0x08002bae   0x08002bae   0x0000001a   Code   RO         3089    i.USART_GetFlagStatus  stm32f10x_usart.o
    0x08002bc8   0x08002bc8   0x00000054   Code   RO         3090    i.USART_GetITStatus  stm32f10x_usart.o
    0x08002c1c   0x08002c1c   0x0000004a   Code   RO         3092    i.USART_ITConfig    stm32f10x_usart.o
    0x08002c66   0x08002c66   0x00000002   PAD
    0x08002c68   0x08002c68   0x000000d8   Code   RO         3093    i.USART_Init        stm32f10x_usart.o
    0x08002d40   0x08002d40   0x0000000a   Code   RO         3100    i.USART_ReceiveData  stm32f10x_usart.o
    0x08002d4a   0x08002d4a   0x00000008   Code   RO         3103    i.USART_SendData    stm32f10x_usart.o
    0x08002d52   0x08002d52   0x00000004   Code   RO          160    i.UsageFault_Handler  stm32f10x_it.o
    0x08002d56   0x08002d56   0x00000026   Code   RO         3978    i.__ARM_fpclassifyf  m_ws.l(fpclassifyf.o)
    0x08002d7c   0x08002d7c   0x00000006   Code   RO         3981    i.__mathlib_flt_infnan  m_ws.l(funder.o)
    0x08002d82   0x08002d82   0x0000000a   Code   RO         3986    i.__mathlib_flt_underflow  m_ws.l(funder.o)
    0x08002d8c   0x08002d8c   0x0000000e   Code   RO         4040    i.__scatterload_copy  mc_w.l(handlers.o)
    0x08002d9a   0x08002d9a   0x00000002   Code   RO         4041    i.__scatterload_null  mc_w.l(handlers.o)
    0x08002d9c   0x08002d9c   0x0000000e   Code   RO         4042    i.__scatterload_zeroinit  mc_w.l(handlers.o)
    0x08002daa   0x08002daa   0x00000002   PAD
    0x08002dac   0x08002dac   0x0000017c   Code   RO         3914    i.atanf             m_ws.l(atanf.o)
    0x08002f28   0x08002f28   0x00000108   Code   RO            2    i.main              main.o
    0x08003030   0x08003030   0x000005f0   Data   RO         3449    .constdata          oled.o
    0x08003620   0x08003620   0x00000020   Data   RO         4038    Region$$Table       anon$$obj.o


    Execution Region RW_IRAM1 (Exec base: 0x20000000, Load base: 0x08003640, Size: 0x00000570, Max: 0x00005000, ABSOLUTE, COMPRESSED[0x00000030])

    Exec Addr    Load Addr    Size         Type   Attr      Idx    E Section Name        Object

    0x20000000   COMPRESSED   0x0000002e   Data   RW            4    .data               main.o
    0x2000002e   COMPRESSED   0x00000014   Data   RW         1931    .data               stm32f10x_rcc.o
    0x20000042   COMPRESSED   0x00000002   Data   RW         3634    .data               serial.o
    0x20000044   COMPRESSED   0x00000004   Data   RW         3704    .data               mpu6050.o
    0x20000048   COMPRESSED   0x000000c8   Data   RW         3768    .data               kalmanfilter.o
    0x20000110   COMPRESSED   0x00000014   Data   RW         3797    .data               pid.o
    0x20000124   COMPRESSED   0x0000000b   Data   RW         3818    .data               hc_rs04.o
    0x2000012f   COMPRESSED   0x00000002   Data   RW         3859    .data               bluetooth.o
    0x20000131   COMPRESSED   0x00000003   PAD
    0x20000134        -       0x0000000c   Zero   RW            3    .bss                main.o
    0x20000140        -       0x00000030   Zero   RW         3767    .bss                kalmanfilter.o
    0x20000170        -       0x00000400   Zero   RW          215    STACK               startup_stm32f10x_md.o


==============================================================================

Image component sizes


      Code (inc. data)   RO Data    RW Data    ZI Data      Debug   Object Name

       300         38          0          2          0       2770   bluetooth.o
        70          0          0          0          0        906   delay.o
       188         14          0          0          0       1127   encoderspeed.o
       416         54          0         11          0       2098   hc_rs04.o
      1208        148          0        200         48       2946   kalmanfilter.o
       104         12          0          0          0        936   key.o
       848        104          0         46         12     263757   main.o
       132         22          0          0          0       3031   misc.o
       352         20          0          0          0       2158   motor.o
       892         76          0          4          0       5148   mpu6050.o
       960         22       1520          0          0       8198   oled.o
       328         64          0         20          0       1333   pid.o
        56         12          0          2          0        714   serial.o
        36          8        236          0       1024        808   startup_stm32f10x_md.o
       200         18          0          0          0       4048   stm32f10x_exti.o
       378          4          0          0          0      12846   stm32f10x_gpio.o
       460         20          0          0          0      14965   stm32f10x_i2c.o
        26          0          0          0          0       3658   stm32f10x_it.o
       308         38          0         20          0      13451   stm32f10x_rcc.o
      1500        180          0          0          0      34026   stm32f10x_tim.o
       472          6          0          0          0      12387   stm32f10x_usart.o
       328         28          0          0          0       1789   system_stm32f10x.o
       124          4          0          0          0        541   timer.o
       100         12          0          0          0        984   timercount.o

    ----------------------------------------------------------------------
      9806        904       1788        308       1084     394625   Object Totals
         0          0         32          0          0          0   (incl. Generated)
        20          0          0          3          0          0   (incl. Padding)

    ----------------------------------------------------------------------

      Code (inc. data)   RO Data    RW Data    ZI Data      Debug   Library Member Name

       380         56          0          0          0        108   atanf.o
        38          0          0          0          0         68   fpclassifyf.o
        16          0          0          0          0        136   funder.o
        86          0          0          0          0          0   __dczerorl2.o
         0          0          0          0          0          0   entry.o
         0          0          0          0          0          0   entry10a.o
         0          0          0          0          0          0   entry11a.o
         8          4          0          0          0          0   entry2.o
         4          0          0          0          0          0   entry5.o
         0          0          0          0          0          0   entry7b.o
         0          0          0          0          0          0   entry8b.o
         8          4          0          0          0          0   entry9a.o
        30          0          0          0          0          0   handlers.o
        36          8          0          0          0         68   init.o
         0          0          0          0          0          0   iusefp.o
        30          0          0          0          0         68   llshl.o
        36          0          0          0          0         68   llsshr.o
        32          0          0          0          0         68   llushr.o
        20          0          0          0          0         68   cfcmple.o
        20          0          0          0          0         68   cfrcmple.o
        56          0          0          0          0         88   d2f.o
       334          0          0          0          0        148   dadd.o
       186          0          0          0          0        176   depilogue.o
        62          0          0          0          0         80   dfixi.o
        34          0          0          0          0         76   dflti.o
       228          0          0          0          0         96   dmul.o
       176          0          0          0          0        140   fadd.o
       124          0          0          0          0         88   fdiv.o
       110          0          0          0          0        168   fepilogue.o
        50          0          0          0          0         68   ffixi.o
        40          0          0          0          0         68   ffixui.o
        18          0          0          0          0         68   fflti.o
       100          0          0          0          0         76   fmul.o
        24          0          0          0          0         68   fscalb.o

    ----------------------------------------------------------------------
      2294         72          0          0          0       2128   Library Totals
         8          0          0          0          0          0   (incl. Padding)

    ----------------------------------------------------------------------

      Code (inc. data)   RO Data    RW Data    ZI Data      Debug   Library Name

       434         56          0          0          0        312   m_ws.l
       270         16          0          0          0        272   mc_w.l
      1582          0          0          0          0       1544   mf_w.l

    ----------------------------------------------------------------------
      2294         72          0          0          0       2128   Library Totals

    ----------------------------------------------------------------------

==============================================================================


      Code (inc. data)   RO Data    RW Data    ZI Data      Debug   

     12100        976       1788        308       1084     390069   Grand Totals
     12100        976       1788         48       1084     390069   ELF Image Totals (compressed)
     12100        976       1788         48          0          0   ROM Totals

==============================================================================

    Total RO  Size (Code + RO Data)                13888 (  13.56kB)
    Total RW  Size (RW Data + ZI Data)              1392 (   1.36kB)
    Total ROM Size (Code + RO Data + RW Data)      13936 (  13.61kB)

==============================================================================

